Archive member included to satisfy reference by file (symbol)

c:/nxp/mcuxpressoide_10.0.2_411/ide/tools/bin/../lib/gcc/arm-none-eabi/5.4.1/../../../../arm-none-eabi/lib/armv6-m\libcr_semihost_nf.a(_cr__main.o)
                              ./startup/startup_mkl25z4.o (__main)
c:/nxp/mcuxpressoide_10.0.2_411/ide/tools/bin/../lib/gcc/arm-none-eabi/5.4.1/../../../../arm-none-eabi/lib/armv6-m\libcr_semihost_nf.a(_cr_assert.o)
                              ./drivers/fsl_adc16.o (__assertion_failed)
c:/nxp/mcuxpressoide_10.0.2_411/ide/tools/bin/../lib/gcc/arm-none-eabi/5.4.1/../../../../arm-none-eabi/lib/armv6-m\libcr_semihost_nf.a(__ciob.o)
                              c:/nxp/mcuxpressoide_10.0.2_411/ide/tools/bin/../lib/gcc/arm-none-eabi/5.4.1/../../../../arm-none-eabi/lib/armv6-m\libcr_semihost_nf.a(_cr_assert.o) (__Ciob)
c:/nxp/mcuxpressoide_10.0.2_411/ide/tools/bin/../lib/gcc/arm-none-eabi/5.4.1/../../../../arm-none-eabi/lib/armv6-m\libcr_semihost_nf.a(__sys_appexit.o)
                              c:/nxp/mcuxpressoide_10.0.2_411/ide/tools/bin/../lib/gcc/arm-none-eabi/5.4.1/../../../../arm-none-eabi/lib/armv6-m\libcr_semihost_nf.a(_cr_assert.o) (__sys_appexit)
c:/nxp/mcuxpressoide_10.0.2_411/ide/tools/bin/../lib/gcc/arm-none-eabi/5.4.1/../../../../arm-none-eabi/lib/armv6-m\libcr_c.a(memcpy.o)
                              ./drivers/fsl_flash.o (memcpy)
c:/nxp/mcuxpressoide_10.0.2_411/ide/tools/bin/../lib/gcc/arm-none-eabi/5.4.1/../../../../arm-none-eabi/lib/armv6-m\libcr_c.a(memset.o)
                              ./drivers/fsl_dma.o (memset)
c:/nxp/mcuxpressoide_10.0.2_411/ide/tools/bin/../lib/gcc/arm-none-eabi/5.4.1/../../../../arm-none-eabi/lib/armv6-m\libcr_c.a(_deferredlazyseek.o)
                              c:/nxp/mcuxpressoide_10.0.2_411/ide/tools/bin/../lib/gcc/arm-none-eabi/5.4.1/../../../../arm-none-eabi/lib/armv6-m\libcr_semihost_nf.a(_cr_assert.o) (__flsbuf)
c:/nxp/mcuxpressoide_10.0.2_411/ide/tools/bin/../lib/gcc/arm-none-eabi/5.4.1/../../../../arm-none-eabi/lib/armv6-m\libcr_c.a(_fflush.o)
                              c:/nxp/mcuxpressoide_10.0.2_411/ide/tools/bin/../lib/gcc/arm-none-eabi/5.4.1/../../../../arm-none-eabi/lib/armv6-m\libcr_c.a(_deferredlazyseek.o) (_fflush)
c:/nxp/mcuxpressoide_10.0.2_411/ide/tools/bin/../lib/gcc/arm-none-eabi/5.4.1/../../../../arm-none-eabi/lib/armv6-m\libcr_c.a(_writebuf.o)
                              c:/nxp/mcuxpressoide_10.0.2_411/ide/tools/bin/../lib/gcc/arm-none-eabi/5.4.1/../../../../arm-none-eabi/lib/armv6-m\libcr_c.a(_deferredlazyseek.o) (_Cwritebuf)
c:/nxp/mcuxpressoide_10.0.2_411/ide/tools/bin/../lib/gcc/arm-none-eabi/5.4.1/../../../../arm-none-eabi/lib/armv6-m\libcr_c.a(alloc.o)
                              c:/nxp/mcuxpressoide_10.0.2_411/ide/tools/bin/../lib/gcc/arm-none-eabi/5.4.1/../../../../arm-none-eabi/lib/armv6-m\libcr_c.a(_deferredlazyseek.o) (_Csys_alloc)
c:/nxp/mcuxpressoide_10.0.2_411/ide/tools/bin/../lib/gcc/arm-none-eabi/5.4.1/../../../../arm-none-eabi/lib/armv6-m\libcr_c.a(fputs.o)
                              c:/nxp/mcuxpressoide_10.0.2_411/ide/tools/bin/../lib/gcc/arm-none-eabi/5.4.1/../../../../arm-none-eabi/lib/armv6-m\libcr_semihost_nf.a(_cr_assert.o) (fputs)
c:/nxp/mcuxpressoide_10.0.2_411/ide/tools/bin/../lib/gcc/arm-none-eabi/5.4.1/../../../../arm-none-eabi/lib/armv6-m\libcr_c.a(fseek.o)
                              c:/nxp/mcuxpressoide_10.0.2_411/ide/tools/bin/../lib/gcc/arm-none-eabi/5.4.1/../../../../arm-none-eabi/lib/armv6-m\libcr_c.a(_deferredlazyseek.o) (fseek)
c:/nxp/mcuxpressoide_10.0.2_411/ide/tools/bin/../lib/gcc/arm-none-eabi/5.4.1/../../../../arm-none-eabi/lib/armv6-m\libcr_c.a(ftell.o)
                              c:/nxp/mcuxpressoide_10.0.2_411/ide/tools/bin/../lib/gcc/arm-none-eabi/5.4.1/../../../../arm-none-eabi/lib/armv6-m\libcr_c.a(fseek.o) (ftell)
c:/nxp/mcuxpressoide_10.0.2_411/ide/tools/bin/../lib/gcc/arm-none-eabi/5.4.1/../../../../arm-none-eabi/lib/armv6-m\libcr_c.a(initio.o)
                              c:/nxp/mcuxpressoide_10.0.2_411/ide/tools/bin/../lib/gcc/arm-none-eabi/5.4.1/../../../../arm-none-eabi/lib/armv6-m\libcr_semihost_nf.a(_cr__main.o) (_initio)
c:/nxp/mcuxpressoide_10.0.2_411/ide/tools/bin/../lib/gcc/arm-none-eabi/5.4.1/../../../../arm-none-eabi/lib/armv6-m\libcr_c.a(setvbuf.o)
                              c:/nxp/mcuxpressoide_10.0.2_411/ide/tools/bin/../lib/gcc/arm-none-eabi/5.4.1/../../../../arm-none-eabi/lib/armv6-m\libcr_c.a(initio.o) (setvbuf)
c:/nxp/mcuxpressoide_10.0.2_411/ide/tools/bin/../lib/gcc/arm-none-eabi/5.4.1/../../../../arm-none-eabi/lib/armv6-m\libcr_c.a(__init_alloc.o)
                              c:/nxp/mcuxpressoide_10.0.2_411/ide/tools/bin/../lib/gcc/arm-none-eabi/5.4.1/../../../../arm-none-eabi/lib/armv6-m\libcr_c.a(alloc.o) (__heaps)
c:/nxp/mcuxpressoide_10.0.2_411/ide/tools/bin/../lib/gcc/arm-none-eabi/5.4.1/../../../../arm-none-eabi/lib/armv6-m\libcr_c.a(_cr_sbrk.o)
[...]
Memory Configuration

Name             Origin             Length             Attributes
PROGRAM_FLASH    0x00000000         0x00020000         xr
SRAM             0x1ffff000         0x00004000         xrw
*default*        0x00000000         0xffffffff

Linker script and memory map

LOAD ./utilities/fsl_debug_console.o
LOAD ./startup/startup_mkl25z4.o
LOAD ./source/PWM_Tester.o
LOAD ./source/kl25z_pwm.o
LOAD ./source/mtb.o
LOAD ./frdmkl25z/board.o
LOAD ./frdmkl25z/clock_config.o
LOAD ./frdmkl25z/pin_mux.o
LOAD ./drivers/fsl_adc16.o
LOAD ./drivers/fsl_clock.o
LOAD ./drivers/fsl_cmp.o
LOAD ./drivers/fsl_common.o
LOAD ./drivers/fsl_cop.o
LOAD ./drivers/fsl_dac.o
LOAD ./drivers/fsl_dma.o
LOAD ./drivers/fsl_dmamux.o
LOAD ./drivers/fsl_flash.o
LOAD ./drivers/fsl_gpio.o
LOAD ./drivers/fsl_i2c.o
LOAD ./drivers/fsl_i2c_dma.o
LOAD ./drivers/fsl_llwu.o
LOAD ./drivers/fsl_lpsci.o
LOAD ./drivers/fsl_lpsci_dma.o
LOAD ./drivers/fsl_lptmr.o
LOAD ./drivers/fsl_pit.o
LOAD ./drivers/fsl_pmc.o
LOAD ./drivers/fsl_rcm.o
LOAD ./drivers/fsl_rtc.o
LOAD ./drivers/fsl_sim.o
LOAD ./drivers/fsl_smc.o
LOAD ./drivers/fsl_spi.o
LOAD ./drivers/fsl_spi_dma.o
LOAD ./drivers/fsl_tpm.o
LOAD ./drivers/fsl_tsi_v4.o
LOAD ./drivers/fsl_uart.o
LOAD ./drivers/fsl_uart_dma.o
LOAD ./CMSIS/system_MKL25Z4.o
START GROUP
LOAD c:/nxp/mcuxpressoide_10.0.2_411/ide/tools/bin/../lib/gcc/arm-none-eabi/5.4.1/../../../../arm-none-eabi/lib/armv6-m\libcr_semihost_nf.a
LOAD c:/nxp/mcuxpressoide_10.0.2_411/ide/tools/bin/../lib/gcc/arm-none-eabi/5.4.1/../../../../arm-none-eabi/lib/armv6-m\libcr_c.a
LOAD c:/nxp/mcuxpressoide_10.0.2_411/ide/tools/bin/../lib/gcc/arm-none-eabi/5.4.1/armv6-m\libcr_eabihelpers.a
END GROUP
                0x00000000                __base_PROGRAM_FLASH = 0x0
                0x00000000                __base_Flash = 0x0
                0x00020000                __top_PROGRAM_FLASH = 0x20000
                0x00020000                __top_Flash = 0x20000
                0x1ffff000                __base_SRAM = 0x1ffff000
                0x1ffff000                __base_RAM = 0x1ffff000
                0x20003000                __top_SRAM = 0x20003000
                0x20003000                __top_RAM = 0x20003000

.text           0x00000000     0x41d0
 FILL mask 0xff
                0x00000000                __vectors_start__ = ABSOLUTE (.)
 *(.isr_vector)
 .isr_vector    0x00000000       0xc0 ./startup/startup_mkl25z4.o
                0x00000000                g_pfnVectors
                0x00000000                __Vectors
                0x000000c0                . = ALIGN (0x4)
                0x000000c0                __section_table_start = .
                0x000000c0                __data_section_table = .
                0x000000c0        0x4 LONG 0x41d0 LOADADDR (.data)
                0x000000c4        0x4 LONG 0x1ffff080 ADDR (.data)
                0x000000c8        0x4 LONG 0xc SIZEOF (.data)
                0x000000cc                __data_section_table_end = .
                0x000000cc                __bss_section_table = .
                0x000000cc        0x4 LONG 0x1ffff08c ADDR (.bss)
                0x000000d0        0x4 LONG 0x138 SIZEOF (.bss)
                0x000000d4                __bss_section_table_end = .
                0x000000d4                __section_table_end = .
 *(.after_vectors*)
 .after_vectors.init_data
                0x000000d4       0x18 ./startup/startup_mkl25z4.o
                0x000000d4                data_init
 .after_vectors.init_bss
                0x000000ec       0x14 ./startup/startup_mkl25z4.o
                0x000000ec                bss_init
 .after_vectors.reset
                0x00000100       0x4c ./startup/startup_mkl25z4.o
                0x00000100                ResetISR
 .after_vectors
                0x0000014c      0x118 ./startup/startup_mkl25z4.o
                0x0000014c                NMI_Handler
                0x00000150                HardFault_Handler
                0x00000154                SVC_Handler
                0x00000158                PendSV_Handler
                0x0000015c                SysTick_Handler
                0x00000160                PORTD_DriverIRQHandler
                0x00000160                Reserved39_DriverIRQHandler
                0x00000160                CMP0_DriverIRQHandler
                0x00000160                ADC0_DriverIRQHandler
                0x00000160                PIT_DriverIRQHandler
                0x00000160                LPTMR0_DriverIRQHandler
                0x00000160                TPM2_DriverIRQHandler
                0x00000160                RTC_DriverIRQHandler
                0x00000160                TPM1_DriverIRQHandler
                0x00000160                TSI0_DriverIRQHandler
                0x00000160                RTC_Seconds_DriverIRQHandler
                0x00000160                PORTA_DriverIRQHandler
                0x00000160                Reserved45_DriverIRQHandler
                0x00000160                LLWU_DriverIRQHandler
                0x00000160                MCG_DriverIRQHandler
                0x00000160                Reserved20_DriverIRQHandler
                0x00000160                TPM0_DriverIRQHandler
                0x00000160                LVD_LVW_DriverIRQHandler
                0x00000160                FTFA_DriverIRQHandler
                0x00000160                IntDefaultHandler
                0x00000160                USB0_DriverIRQHandler
                0x00000160                DAC0_DriverIRQHandler
                0x00000164                DMA0_IRQHandler
                0x0000016c                DMA1_IRQHandler
                0x00000174                DMA2_IRQHandler
                0x0000017c                DMA3_IRQHandler
                0x00000184                Reserved20_IRQHandler
                0x0000018c                FTFA_IRQHandler
                0x00000194                LVD_LVW_IRQHandler
                0x0000019c                LLWU_IRQHandler
                0x000001a4                I2C0_IRQHandler
                0x000001ac                I2C1_IRQHandler
                0x000001b4                SPI0_IRQHandler
                0x000001bc                SPI1_IRQHandler
                0x000001c4                UART0_IRQHandler
                0x000001cc                UART1_IRQHandler
                0x000001d4                UART2_IRQHandler
                0x000001dc                ADC0_IRQHandler
                0x000001e4                CMP0_IRQHandler
                0x000001ec                TPM0_IRQHandler
                0x000001f4                TPM1_IRQHandler
                0x000001fc                TPM2_IRQHandler
                0x00000204                RTC_IRQHandler
                0x0000020c                RTC_Seconds_IRQHandler
                0x00000214                PIT_IRQHandler
                0x0000021c                Reserved39_IRQHandler
                0x00000224                USB0_IRQHandler
                0x0000022c                DAC0_IRQHandler
                0x00000234                TSI0_IRQHandler
                0x0000023c                MCG_IRQHandler
                0x00000244                LPTMR0_IRQHandler
                0x0000024c                Reserved45_IRQHandler
                0x00000254                PORTA_IRQHandler
                0x0000025c                PORTD_IRQHandler
                0x00000400                . = 0x400
 *fill*         0x00000264      0x19c ff
                0x00000400                PROVIDE (__FLASH_CONFIG_START__, .)
 *(.FlashConfig)
 .FlashConfig   0x00000400       0x10 ./startup/startup_mkl25z4.o
                0x00000400                Flash_Config
                0x00000410                PROVIDE (__FLASH_CONFIG_END__, .)
                0x00000001                ASSERT (! ((__FLASH_CONFIG_START__ == __FLASH_CONFIG_END__)), Linker Flash Config Support Enabled, but no .FlashConfig section provided within application)
 *(.text*)
 .text.UART_EnableTx
                0x00000410       0x40 ./utilities/fsl_debug_console.o
 .text.UART_EnableRx
                0x00000450       0x40 ./utilities/fsl_debug_console.o
 .text.LPSCI_EnableTx
                0x00000490       0x40 ./utilities/fsl_debug_console.o
 .text.LPSCI_EnableRx
                0x000004d0       0x40 ./utilities/fsl_debug_console.o
 .text.DbgConsole_Init
                0x00000510       0xf4 ./utilities/fsl_debug_console.o
                0x00000510                DbgConsole_Init
 .text.main     0x00000604       0x4c ./source/PWM_Tester.o
                0x00000604                main
 .text.CLOCK_EnableClock
                0x00000650       0x38 ./source/kl25z_pwm.o
 .text.CLOCK_SetTpmClock
                0x00000688       0x38 ./source/kl25z_pwm.o
 .text.TPM_StartTimer
                0x000006c0       0x3c ./source/kl25z_pwm.o
 .text.PORT_SetPinMux
                0x000006fc       0x40 ./source/kl25z_pwm.o
 .text.PWM_Init
                0x0000073c       0xa8 ./source/kl25z_pwm.o
                0x0000073c                PWM_Init
 .text.PWM_Start
                0x000007e4       0x1c ./source/kl25z_pwm.o
                0x000007e4                PWM_Start
 .text.PWM_Update
                0x00000800       0x48 ./source/kl25z_pwm.o
                0x00000800                PWM_Update
 .text.CLOCK_SetLpsci0Clock
                0x00000848       0x38 ./frdmkl25z/board.o
 .text.BOARD_InitDebugConsole
                0x00000880       0x30 ./frdmkl25z/board.o
                0x00000880                BOARD_InitDebugConsole
 .text.CLOCK_SetSimSafeDivs
                0x000008b0       0x20 ./frdmkl25z/clock_config.o
 .text.CLOCK_SetXtal0Freq
                0x000008d0       0x1c ./frdmkl25z/clock_config.o
 .text.CLOCK_CONFIG_SetFllExtRefDiv
                0x000008ec       0x3c ./frdmkl25z/clock_config.o
 .text.BOARD_BootClockRUN
                0x00000928       0x64 ./frdmkl25z/clock_config.o
                0x00000928                BOARD_BootClockRUN
 .text.CLOCK_SetEr32kClock
                0x0000098c       0x30 ./drivers/fsl_clock.o
 .text.CLOCK_SetPllFllSelClock
                0x000009bc       0x38 ./drivers/fsl_clock.o
 .text.OSC_SetExtRefClkConfig
                0x000009f4       0x48 ./drivers/fsl_clock.o
 .text.OSC_SetCapLoad
                0x00000a3c       0x4c ./drivers/fsl_clock.o
 .text.CLOCK_GetMcgExtClkFreq
                0x00000a88       0x28 ./drivers/fsl_clock.o
 .text.CLOCK_GetFllExtRefClkFreq
                0x00000ab0       0xa4 ./drivers/fsl_clock.o
 .text.CLOCK_GetInternalRefClkSelectFreq
                0x00000b54       0x40 ./drivers/fsl_clock.o
 .text.CLOCK_GetFllRefClkFreq
                0x00000b94       0x30 ./drivers/fsl_clock.o
 .text.CLOCK_GetPll0RefFreq
                0x00000bc4       0x10 ./drivers/fsl_clock.o
 .text.CLOCK_GetOscRangeFromFreq
                0x00000bd4       0x4c ./drivers/fsl_clock.o
 .text.CLOCK_GetOsc0ErClkFreq
                0x00000c20       0x3c ./drivers/fsl_clock.o
                0x00000c20                CLOCK_GetOsc0ErClkFreq
 .text.CLOCK_GetEr32kClkFreq
                0x00000c5c       0x74 ./drivers/fsl_clock.o
                0x00000c5c                CLOCK_GetEr32kClkFreq
 .text.CLOCK_GetPllFllSelClkFreq
                0x00000cd0       0x50 ./drivers/fsl_clock.o
                0x00000cd0                CLOCK_GetPllFllSelClkFreq
 .text.CLOCK_GetFreq
                0x00000d20       0xe0 ./drivers/fsl_clock.o
                0x00000d20                CLOCK_GetFreq
 .text.CLOCK_SetSimConfig
                0x00000e00       0x38 ./drivers/fsl_clock.o
                0x00000e00                CLOCK_SetSimConfig
 .text.CLOCK_GetOutClkFreq
                0x00000e38       0x64 ./drivers/fsl_clock.o
                0x00000e38                CLOCK_GetOutClkFreq
 .text.CLOCK_GetFllFreq
                0x00000e9c       0x84 ./drivers/fsl_clock.o
                0x00000e9c                CLOCK_GetFllFreq
 .text.CLOCK_GetInternalRefClkFreq
                0x00000f20       0x28 ./drivers/fsl_clock.o
                0x00000f20                CLOCK_GetInternalRefClkFreq
 .text.CLOCK_GetFixedFreqClkFreq
                0x00000f48       0x30 ./drivers/fsl_clock.o
                0x00000f48                CLOCK_GetFixedFreqClkFreq
 .text.CLOCK_GetPll0Freq
                0x00000f78       0x70 ./drivers/fsl_clock.o
                0x00000f78                CLOCK_GetPll0Freq
 .text.CLOCK_SetExternalRefClkConfig
                0x00000fe8       0x18 ./drivers/fsl_clock.o
                0x00000fe8                CLOCK_SetExternalRefClkConfig
 .text.CLOCK_SetInternalRefClkConfig
                0x00001000      0x12c ./drivers/fsl_clock.o
                0x00001000                CLOCK_SetInternalRefClkConfig
 .text.CLOCK_EnablePll0
                0x0000112c       0x98 ./drivers/fsl_clock.o
                0x0000112c                CLOCK_EnablePll0
 .text.CLOCK_InitOsc0
                0x000011c4       0x98 ./drivers/fsl_clock.o
                0x000011c4                CLOCK_InitOsc0
 .text.CLOCK_SetPbeMode
                0x0000125c       0xb0 ./drivers/fsl_clock.o
                0x0000125c                CLOCK_SetPbeMode
 .text.CLOCK_BootToPeeMode
                0x0000130c       0x70 ./drivers/fsl_clock.o
                0x0000130c                CLOCK_BootToPeeMode
 .text.DMA_ClearChannelStatusFlags
                0x0000137c       0x54 ./drivers/fsl_dma.o
 .text.DMA_HandleIRQ
                0x000013d0       0x4c ./drivers/fsl_dma.o
                0x000013d0                DMA_HandleIRQ
 .text.DMA0_DriverIRQHandler
                0x0000141c       0x18 ./drivers/fsl_dma.o
                0x0000141c                DMA0_DriverIRQHandler
 .text.DMA1_DriverIRQHandler
                0x00001434       0x18 ./drivers/fsl_dma.o
                0x00001434                DMA1_DriverIRQHandler
 .text.DMA2_DriverIRQHandler
                0x0000144c       0x18 ./drivers/fsl_dma.o
                0x0000144c                DMA2_DriverIRQHandler
 .text.DMA3_DriverIRQHandler
                0x00001464       0x18 ./drivers/fsl_dma.o
                0x00001464                DMA3_DriverIRQHandler
 .text.I2C_TransferCommonIRQHandler
                0x0000147c       0x54 ./drivers/fsl_i2c.o
 .text.I2C0_DriverIRQHandler
                0x000014d0       0x20 ./drivers/fsl_i2c.o
                0x000014d0                I2C0_DriverIRQHandler
 .text.I2C1_DriverIRQHandler
                0x000014f0       0x20 ./drivers/fsl_i2c.o
                0x000014f0                I2C1_DriverIRQHandler
 .text.CLOCK_EnableClock
                0x00001510       0x38 ./drivers/fsl_lpsci.o
 .text.LPSCI_GetInstance
                0x00001548       0x48 ./drivers/fsl_lpsci.o
                0x00001548                LPSCI_GetInstance
 .text.LPSCI_Init
                0x00001590      0x270 ./drivers/fsl_lpsci.o
                0x00001590                LPSCI_Init
 .text.LPSCI_GetDefaultConfig
                0x00001800       0x44 ./drivers/fsl_lpsci.o
                0x00001800                LPSCI_GetDefaultConfig
 .text.LPSCI_GetStatusFlags
                0x00001844       0x28 ./drivers/fsl_lpsci.o
                0x00001844                LPSCI_GetStatusFlags
 .text.LPSCI_ClearStatusFlags
                0x0000186c       0x98 ./drivers/fsl_lpsci.o
                0x0000186c                LPSCI_ClearStatusFlags
 .text.LPSCI_WriteBlocking
                0x00001904       0x4c ./drivers/fsl_lpsci.o
                0x00001904                LPSCI_WriteBlocking
 .text.LPSCI_ReadBlocking
                0x00001950       0xc0 ./drivers/fsl_lpsci.o
                0x00001950                LPSCI_ReadBlocking
 .text.UART0_DriverIRQHandler
                0x00001a10       0x24 ./drivers/fsl_lpsci.o
                0x00001a10                UART0_DriverIRQHandler
 .text.SPI_CommonIRQHandler
                0x00001a34       0x54 ./drivers/fsl_spi.o
 .text.SPI0_DriverIRQHandler
                0x00001a88       0x30 ./drivers/fsl_spi.o
                0x00001a88                SPI0_DriverIRQHandler
 .text.SPI1_DriverIRQHandler
                0x00001ab8       0x30 ./drivers/fsl_spi.o
                0x00001ab8                SPI1_DriverIRQHandler
 .text.CLOCK_EnableClock
                0x00001ae8       0x38 ./drivers/fsl_tpm.o
 .text.TPM_GetInstance
                0x00001b20       0x54 ./drivers/fsl_tpm.o
 .text.TPM_Init
                0x00001b74       0xd0 ./drivers/fsl_tpm.o
                0x00001b74                TPM_Init
 .text.TPM_GetDefaultConfig
                0x00001c44       0x54 ./drivers/fsl_tpm.o
                0x00001c44                TPM_GetDefaultConfig
 .text.TPM_SetupPwm
                0x00001c98      0x1fc ./drivers/fsl_tpm.o
                0x00001c98                TPM_SetupPwm
 .text.TPM_UpdatePwmDutycycle
                0x00001e94       0xcc ./drivers/fsl_tpm.o
                0x00001e94                TPM_UpdatePwmDutycycle
 .text.TPM_UpdateChnlEdgeLevelSelect
                0x00001f60      0x10c ./drivers/fsl_tpm.o
                0x00001f60                TPM_UpdateChnlEdgeLevelSelect
 .text.CLOCK_EnableClock
                0x0000206c       0x38 ./drivers/fsl_uart.o
 .text.UART_GetInstance
                0x000020a4       0x54 ./drivers/fsl_uart.o
                0x000020a4                UART_GetInstance
 .text.UART_Init
                0x000020f8      0x1fc ./drivers/fsl_uart.o
                0x000020f8                UART_Init
 .text.UART_GetDefaultConfig
                0x000022f4       0x44 ./drivers/fsl_uart.o
                0x000022f4                UART_GetDefaultConfig
 .text.UART_GetStatusFlags
                0x00002338       0x28 ./drivers/fsl_uart.o
                0x00002338                UART_GetStatusFlags
 .text.UART_WriteBlocking
                0x00002360       0x3c ./drivers/fsl_uart.o
                0x00002360                UART_WriteBlocking
 .text.UART_ReadBlocking
                0x0000239c       0x98 ./drivers/fsl_uart.o
                0x0000239c                UART_ReadBlocking
 .text.UART1_DriverIRQHandler
                0x00002434       0x24 ./drivers/fsl_uart.o
                0x00002434                UART1_DriverIRQHandler
 .text.UART2_DriverIRQHandler
                0x00002458       0x24 ./drivers/fsl_uart.o
                0x00002458                UART2_DriverIRQHandler
 .text.SystemInit
                0x0000247c       0x18 ./CMSIS/system_MKL25Z4.o
                0x0000247c                SystemInit
 .text.__main   0x00002494        0xc c:/nxp/mcuxpressoide_10.0.2_411/ide/tools/bin/../lib/gcc/arm-none-eabi/5.4.1/../../../../arm-none-eabi/lib/armv6-m\libcr_semihost_nf.a(_cr__main.o)
                0x00002494                __CR_SEMIHOST
                0x00002494                __main
 .text.__assertion_failed
                0x000024a0       0x4c c:/nxp/mcuxpressoide_10.0.2_411/ide/tools/bin/../lib/gcc/arm-none-eabi/5.4.1/../../../../arm-none-eabi/lib/armv6-m\libcr_semihost_nf.a(_cr_assert.o)
                0x000024a0                __assertion_failed
 .text.__sys_appexit
                0x000024ec        0xc c:/nxp/mcuxpressoide_10.0.2_411/ide/tools/bin/../lib/gcc/arm-none-eabi/5.4.1/../../../../arm-none-eabi/lib/armv6-m\libcr_semihost_nf.a(__sys_appexit.o)
                0x000024ec                __sys_appexit
                0x000024ec                __exit
 .text.memset   0x000024f8        0x8 c:/nxp/mcuxpressoide_10.0.2_411/ide/tools/bin/../lib/gcc/arm-none-eabi/5.4.1/../../../../arm-none-eabi/lib/armv6-m\libcr_c.a(memset.o)
                0x000024f8                memset
 .text._deferredlazyseek
                0x00002500       0x40 c:/nxp/mcuxpressoide_10.0.2_411/ide/tools/bin/../lib/gcc/arm-none-eabi/5.4.1/../../../../arm-none-eabi/lib/armv6-m\libcr_c.a(_deferredlazyseek.o)
                0x00002500                _deferredlazyseek
 .text.__flsbuf
                0x00002540      0x14c c:/nxp/mcuxpressoide_10.0.2_411/ide/tools/bin/../lib/gcc/arm-none-eabi/5.4.1/../../../../arm-none-eabi/lib/armv6-m\libcr_c.a(_deferredlazyseek.o)
                0x00002540                __flsbuf
 .text._fflush  0x0000268c       0x60 c:/nxp/mcuxpressoide_10.0.2_411/ide/tools/bin/../lib/gcc/arm-none-eabi/5.4.1/../../../../arm-none-eabi/lib/armv6-m\libcr_c.a(_fflush.o)
                0x0000268c                _fflush
 .text._Cwritebuf
                0x000026ec       0x6c c:/nxp/mcuxpressoide_10.0.2_411/ide/tools/bin/../lib/gcc/arm-none-eabi/5.4.1/../../../../arm-none-eabi/lib/armv6-m\libcr_c.a(_writebuf.o)
                0x000026ec                _Cwritebuf
 .text.malloc   0x00002758       0xcc c:/nxp/mcuxpressoide_10.0.2_411/ide/tools/bin/../lib/gcc/arm-none-eabi/5.4.1/../../../../arm-none-eabi/lib/armv6-m\libcr_c.a(alloc.o)
                0x00002758                malloc
 .text.free     0x00002824       0x2e c:/nxp/mcuxpressoide_10.0.2_411/ide/tools/bin/../lib/gcc/arm-none-eabi/5.4.1/../../../../arm-none-eabi/lib/armv6-m\libcr_c.a(alloc.o)
                0x00002824                free
 *fill*         0x00002852        0x2 ff
 .text._Csys_alloc
                0x00002854       0x20 c:/nxp/mcuxpressoide_10.0.2_411/ide/tools/bin/../lib/gcc/arm-none-eabi/5.4.1/../../../../arm-none-eabi/lib/armv6-m\libcr_c.a(alloc.o)
                0x00002854                _Csys_alloc
 .text.fputs    0x00002874       0x30 c:/nxp/mcuxpressoide_10.0.2_411/ide/tools/bin/../lib/gcc/arm-none-eabi/5.4.1/../../../../arm-none-eabi/lib/armv6-m\libcr_c.a(fputs.o)
                0x00002874                fputs
 .text.fseek    0x000028a4       0xf0 c:/nxp/mcuxpressoide_10.0.2_411/ide/tools/bin/../lib/gcc/arm-none-eabi/5.4.1/../../../../arm-none-eabi/lib/armv6-m\libcr_c.a(fseek.o)
                0x000028a4                fseek
 .text.ftell    0x00002994       0x48 c:/nxp/mcuxpressoide_10.0.2_411/ide/tools/bin/../lib/gcc/arm-none-eabi/5.4.1/../../../../arm-none-eabi/lib/armv6-m\libcr_c.a(ftell.o)
                0x00002994                ftell
 .text._initio  0x000029dc       0x7c c:/nxp/mcuxpressoide_10.0.2_411/ide/tools/bin/../lib/gcc/arm-none-eabi/5.4.1/../../../../arm-none-eabi/lib/armv6-m\libcr_c.a(initio.o)
                0x000029dc                _initio
 .text.setvbuf  0x00002a58       0x4c c:/nxp/mcuxpressoide_10.0.2_411/ide/tools/bin/../lib/gcc/arm-none-eabi/5.4.1/../../../../arm-none-eabi/lib/armv6-m\libcr_c.a(setvbuf.o)
                0x00002a58                setvbuf
 .text._sbrk    0x00002aa4       0x40 c:/nxp/mcuxpressoide_10.0.2_411/ide/tools/bin/../lib/gcc/arm-none-eabi/5.4.1/../../../../arm-none-eabi/lib/armv6-m\libcr_c.a(_cr_sbrk.o)
                0x00002aa4                _sbrk
 .text._fdopen  0x00002ae4       0x74 c:/nxp/mcuxpressoide_10.0.2_411/ide/tools/bin/../lib/gcc/arm-none-eabi/5.4.1/../../../../arm-none-eabi/lib/armv6-m\libcr_c.a(_fdopen.o)
                0x00002ae4                _fdopen
 .text.fclose   0x00002b58       0x5c c:/nxp/mcuxpressoide_10.0.2_411/ide/tools/bin/../lib/gcc/arm-none-eabi/5.4.1/../../../../arm-none-eabi/lib/armv6-m\libcr_c.a(fclose.o)
                0x00002b58                fclose
 .text.fflush   0x00002bb4       0x44 c:/nxp/mcuxpressoide_10.0.2_411/ide/tools/bin/../lib/gcc/arm-none-eabi/5.4.1/../../../../arm-none-eabi/lib/armv6-m\libcr_c.a(fflush.o)
                0x00002bb4                fflush
 .text.remove   0x00002bf8       0x12 c:/nxp/mcuxpressoide_10.0.2_411/ide/tools/bin/../lib/gcc/arm-none-eabi/5.4.1/../../../../arm-none-eabi/lib/armv6-m\libcr_c.a(remove.o)
                0x00002bf8                remove
 *fill*         0x00002c0a        0x2 ff
 .text.strlen   0x00002c0c       0x54 c:/nxp/mcuxpressoide_10.0.2_411/ide/tools/bin/../lib/gcc/arm-none-eabi/5.4.1/../../../../arm-none-eabi/lib/armv6-m\libcr_c.a(strlen.o)
                0x00002c0c                strlen
 .text.__check_heap_overflow
                0x00002c60       0x14 c:/nxp/mcuxpressoide_10.0.2_411/ide/tools/bin/../lib/gcc/arm-none-eabi/5.4.1/../../../../arm-none-eabi/lib/armv6-m\libcr_c.a(_cr_check_heap.o)
                0x00002c60                __check_heap_overflow
 .text._do_fflush
                0x00002c74       0x48 c:/nxp/mcuxpressoide_10.0.2_411/ide/tools/bin/../lib/gcc/arm-none-eabi/5.4.1/../../../../arm-none-eabi/lib/armv6-m\libcr_c.a(_do_fflush.o)
                0x00002c74                _do_fflush
 .text.__aeabi_division_idivmod
                0x00002cbc       0x78 c:/nxp/mcuxpressoide_10.0.2_411/ide/tools/bin/../lib/gcc/arm-none-eabi/5.4.1/armv6-m\libcr_eabihelpers.a(division_32.o)
                0x00002cbc                __aeabi_idivmod
                0x00002cbc                __aeabi_idiv
                0x00002cc2                __aeabi_uidivmod
                0x00002cc2                __aeabi_uidiv
 .text.__aeabi_division_idiv0
                0x00002d34        0x2 c:/nxp/mcuxpressoide_10.0.2_411/ide/tools/bin/../lib/gcc/arm-none-eabi/5.4.1/armv6-m\libcr_eabihelpers.a(division_idiv0.o)
                0x00002d34                __aeabi_idiv0
 .text.__aeabi_memset_lowlevel
                0x00002d36       0x2a c:/nxp/mcuxpressoide_10.0.2_411/ide/tools/bin/../lib/gcc/arm-none-eabi/5.4.1/armv6-m\libcr_eabihelpers.a(memcpy.o)
                0x00002d36                __aeabi_lowlevel_memset
 .text.__sys_close
                0x00002d60        0xc c:/nxp/mcuxpressoide_10.0.2_411/ide/tools/bin/../lib/gcc/arm-none-eabi/5.4.1/../../../../arm-none-eabi/lib/armv6-m\libcr_semihost_nf.a(__sys_close.o)
                0x00002d60                __sys_close
 .text.__sys_flen
                0x00002d6c        0xc c:/nxp/mcuxpressoide_10.0.2_411/ide/tools/bin/../lib/gcc/arm-none-eabi/5.4.1/../../../../arm-none-eabi/lib/armv6-m\libcr_semihost_nf.a(__sys_flen.o)
                0x00002d6c                __sys_flen
 .text.__sys_istty
                0x00002d78        0xc c:/nxp/mcuxpressoide_10.0.2_411/ide/tools/bin/../lib/gcc/arm-none-eabi/5.4.1/../../../../arm-none-eabi/lib/armv6-m\libcr_semihost_nf.a(__sys_istty.o)
                0x00002d78                __sys_istty
 .text.__sys_remove
                0x00002d84        0xc c:/nxp/mcuxpressoide_10.0.2_411/ide/tools/bin/../lib/gcc/arm-none-eabi/5.4.1/../../../../arm-none-eabi/lib/armv6-m\libcr_semihost_nf.a(__sys_remove.o)
                0x00002d84                __sys_remove
 .text.__sys_seek
                0x00002d90        0xc c:/nxp/mcuxpressoide_10.0.2_411/ide/tools/bin/../lib/gcc/arm-none-eabi/5.4.1/../../../../arm-none-eabi/lib/armv6-m\libcr_semihost_nf.a(__sys_seek.o)
                0x00002d90                __sys_seek
 .text.__sys_tmpnam
                0x00002d9c        0xc c:/nxp/mcuxpressoide_10.0.2_411/ide/tools/bin/../lib/gcc/arm-none-eabi/5.4.1/../../../../arm-none-eabi/lib/armv6-m\libcr_semihost_nf.a(__sys_tmpnam.o)
                0x00002d9c                __sys_tmpnam
 .text.__sys_write
                0x00002da8        0xc c:/nxp/mcuxpressoide_10.0.2_411/ide/tools/bin/../lib/gcc/arm-none-eabi/5.4.1/../../../../arm-none-eabi/lib/armv6-m\libcr_semihost_nf.a(__sys_write.o)
                0x00002da8                __sys_write
 *(.rodata .rodata.* .constdata .constdata.*)
 .rodata.mcgConfig_BOARD_BootClockRUN
                0x00002db4        0xa ./frdmkl25z/clock_config.o
                0x00002db4                mcgConfig_BOARD_BootClockRUN
 *fill*         0x00002dbe        0x2 ff
 .rodata.simConfig_BOARD_BootClockRUN
                0x00002dc0        0x8 ./frdmkl25z/clock_config.o
                0x00002dc0                simConfig_BOARD_BootClockRUN
 .rodata.oscConfig_BOARD_BootClockRUN
                0x00002dc8        0x8 ./frdmkl25z/clock_config.o
                0x00002dc8                oscConfig_BOARD_BootClockRUN
 .rodata        0x00002dd0      0x11d ./drivers/fsl_clock.o
 *fill*         0x00002eed        0x3 ff
 .rodata.CLOCK_GetFreq
                0x00002ef0       0x38 ./drivers/fsl_clock.o
 .rodata.fllFactorTable.5253
                0x00002f28       0x10 ./drivers/fsl_clock.o
 .rodata        0x00002f38      0x4ae ./drivers/fsl_dma.o
 *fill*         0x000033e6        0x2 ff
 .rodata        0x000033e8      0x48c ./drivers/fsl_lpsci.o
 .rodata        0x00003874      0x213 ./drivers/fsl_spi.o
 *fill*         0x00003a87        0x1 ff
 .rodata.s_tpmBases
                0x00003a88        0xc ./drivers/fsl_tpm.o
 .rodata.s_tpmClocks
                0x00003a94        0xc ./drivers/fsl_tpm.o
 .rodata        0x00003aa0      0x287 ./drivers/fsl_tpm.o
 *fill*         0x00003d27        0x1 ff
 .rodata.s_uartBases
                0x00003d28        0xc ./drivers/fsl_uart.o
 .rodata.s_uartClock
                0x00003d34        0xc ./drivers/fsl_uart.o
 .rodata        0x00003d40      0x45b ./drivers/fsl_uart.o
 .rodata.str1.1
                0x0000419b       0x15 c:/nxp/mcuxpressoide_10.0.2_411/ide/tools/bin/../lib/gcc/arm-none-eabi/5.4.1/../../../../arm-none-eabi/lib/armv6-m\libcr_semihost_nf.a(_cr_assert.o)
 .rodata.__num_Ciob_streams
                0x000041b0        0x4 c:/nxp/mcuxpressoide_10.0.2_411/ide/tools/bin/../lib/gcc/arm-none-eabi/5.4.1/../../../../arm-none-eabi/lib/armv6-m\libcr_semihost_nf.a(__ciob.o)
                0x000041b0                __num_Ciob_streams
 .rodata.str1.1
                0x000041b4       0x18 c:/nxp/mcuxpressoide_10.0.2_411/ide/tools/bin/../lib/gcc/arm-none-eabi/5.4.1/../../../../arm-none-eabi/lib/armv6-m\libcr_c.a(alloc.o)
 .rodata.str1.1
                0x000041cc        0x4 c:/nxp/mcuxpressoide_10.0.2_411/ide/tools/bin/../lib/gcc/arm-none-eabi/5.4.1/../../../../arm-none-eabi/lib/armv6-m\libcr_c.a(initio.o)
                0x000041d0                . = ALIGN (0x4)

.glue_7         0x000041d0        0x0
 .glue_7        0x000041d0        0x0 linker stubs

.glue_7t        0x000041d0        0x0
 .glue_7t       0x000041d0        0x0 linker stubs

.vfp11_veneer   0x000041d0        0x0
 .vfp11_veneer  0x000041d0        0x0 linker stubs

.v4_bx          0x000041d0        0x0
 .v4_bx         0x000041d0        0x0 linker stubs

.iplt           0x000041d0        0x0
 .iplt          0x000041d0        0x0 ./utilities/fsl_debug_console.o

.rel.dyn        0x000041d0        0x0
 .rel.iplt      0x000041d0        0x0 ./utilities/fsl_debug_console.o

.ARM.extab
 *(.ARM.extab* .gnu.linkonce.armextab.*)
                0x000041d0                __exidx_start = .

.ARM.exidx
 *(.ARM.exidx* .gnu.linkonce.armexidx.*)
                0x000041d0                __exidx_end = .
                0x000041d0                _etext = .

.m_usb_data
 *(m_usb_bdt)

.mtb_buffer_default
                0x1ffff000       0x80
 *(.mtb*)
 .mtb.$RAM1     0x1ffff000       0x80 ./source/mtb.o
                0x1ffff000                __mtb_buffer__

.uninit_RESERVED
                0x1ffff080        0x0
 *(.bss.$RESERVED*)
                0x1ffff080                . = ALIGN (0x4)
                0x1ffff080                _end_uninit_RESERVED = .

.data           0x1ffff080        0xc load address 0x000041d0
 FILL mask 0xff
                0x1ffff080                _data = .
 *(vtable)
 *(.ramfunc*)
 *(.data*)
 .data.s_slowIrcFreq
                0x1ffff080        0x4 ./drivers/fsl_clock.o
 .data.s_fastIrcFreq
                0x1ffff084        0x4 ./drivers/fsl_clock.o
 .data.SystemCoreClock
                0x1ffff088        0x4 ./CMSIS/system_MKL25Z4.o
                0x1ffff088                SystemCoreClock
                0x1ffff08c                . = ALIGN (0x4)
                0x1ffff08c                _edata = .

.igot.plt       0x1ffff08c        0x0 load address 0x000041dc
 .igot.plt      0x1ffff08c        0x0 ./utilities/fsl_debug_console.o

.bss            0x1ffff08c      0x138 load address 0x000041dc
                0x1ffff08c                _bss = .
 *(.bss*)
 .bss.s_debugConsole
                0x1ffff08c       0x10 ./utilities/fsl_debug_console.o
 .bss.rojo      0x1ffff09c       0x18 ./source/PWM_Tester.o
                0x1ffff09c                rojo
 .bss.g_xtal0Freq
                0x1ffff0b4        0x4 ./drivers/fsl_clock.o
                0x1ffff0b4                g_xtal0Freq
 .bss.g_xtal32Freq
                0x1ffff0b8        0x4 ./drivers/fsl_clock.o
                0x1ffff0b8                g_xtal32Freq
 .bss.s_DMAHandle
                0x1ffff0bc       0x10 ./drivers/fsl_dma.o
 .bss.s_i2cHandle
                0x1ffff0cc        0x8 ./drivers/fsl_i2c.o
 .bss.s_i2cMasterIsr
                0x1ffff0d4        0x4 ./drivers/fsl_i2c.o
 .bss.s_i2cSlaveIsr
                0x1ffff0d8        0x4 ./drivers/fsl_i2c.o
 .bss.s_lpsciHandle
                0x1ffff0dc        0x4 ./drivers/fsl_lpsci.o
 .bss.s_lpsciIsr
                0x1ffff0e0        0x4 ./drivers/fsl_lpsci.o
 .bss.s_spiHandle
                0x1ffff0e4        0x8 ./drivers/fsl_spi.o
 .bss.s_spiMasterIsr
                0x1ffff0ec        0x4 ./drivers/fsl_spi.o
 .bss.s_spiSlaveIsr
                0x1ffff0f0        0x4 ./drivers/fsl_spi.o
 .bss.s_uartHandle
                0x1ffff0f4        0xc ./drivers/fsl_uart.o
 .bss.s_uartIsr
                0x1ffff100        0x4 ./drivers/fsl_uart.o
 .bss.__Ciob    0x1ffff104       0xb4 c:/nxp/mcuxpressoide_10.0.2_411/ide/tools/bin/../lib/gcc/arm-none-eabi/5.4.1/../../../../arm-none-eabi/lib/armv6-m\libcr_semihost_nf.a(__ciob.o)
                0x1ffff104                __Ciob
 .bss.__heaps   0x1ffff1b8        0x4 c:/nxp/mcuxpressoide_10.0.2_411/ide/tools/bin/../lib/gcc/arm-none-eabi/5.4.1/../../../../arm-none-eabi/lib/armv6-m\libcr_c.a(__init_alloc.o)
                0x1ffff1b8                __heaps
 .bss.__end_of_heap
                0x1ffff1bc        0x4 c:/nxp/mcuxpressoide_10.0.2_411/ide/tools/bin/../lib/gcc/arm-none-eabi/5.4.1/../../../../arm-none-eabi/lib/armv6-m\libcr_c.a(__init_alloc.o)
                0x1ffff1bc                __end_of_heap
 .bss.errno     0x1ffff1c0        0x4 c:/nxp/mcuxpressoide_10.0.2_411/ide/tools/bin/../lib/gcc/arm-none-eabi/5.4.1/../../../../arm-none-eabi/lib/armv6-m\libcr_c.a(errno.o)
                0x1ffff1c0                errno
 *(COMMON)
                0x1ffff1c4                . = ALIGN (0x4)
                0x1ffff1c4                _ebss = .
                [!provide]                PROVIDE (end, .)

.noinit         0x1ffff1c4        0x0 load address 0x000041dc
                0x1ffff1c4                _noinit = .
 *(.noinit*)
                0x1ffff1c4                . = ALIGN (0x4)
                0x1ffff1c4                _end_noinit = .

.heap           0x1ffff1c4      0x400 load address 0x000041dc
                0x1ffff1c4                _pvHeapStart = .
                0x1ffff5c4                . = (. + 0x400)
 *fill*         0x1ffff1c4      0x400 
                0x1ffff5c4                . = ALIGN (0x4)
                0x1ffff5c4                _pvHeapLimit = .

.heap2stackfill
                0x1ffff5c4      0x400 load address 0x000041dc
                0x1ffff9c4                . = (. + 0x400)
 *fill*         0x1ffff5c4      0x400 

.stack          0x20002c00        0x0
                0x20002c00                _vStackBase = .
                0x20002c00                . = ALIGN (0x4)
                0x20003000                _vStackTop = (. + 0x400)
OUTPUT(PWM_Tester.axf elf32-littlearm)

.debug_info     0x00000000     0xb5da
 .debug_info    0x00000000      0x807 ./utilities/fsl_debug_console.o
 .debug_info    0x00000807      0x49f ./startup/startup_mkl25z4.o
 .debug_info    0x00000ca6      0x765 ./source/PWM_Tester.o
 .debug_info    0x0000140b      0xa40 ./source/kl25z_pwm.o
 .debug_info    0x00001e4b       0x51 ./source/mtb.o
 .debug_info    0x00001e9c      0x38b ./frdmkl25z/board.o
 .debug_info    0x00002227      0xa17 ./frdmkl25z/clock_config.o
 .debug_info    0x00002c3e     0x190c ./drivers/fsl_clock.o
 .debug_info    0x0000454a      0xe86 ./drivers/fsl_dma.o
 .debug_info    0x000053d0     0x1929 ./drivers/fsl_i2c.o
 .debug_info    0x00006cf9     0x135c ./drivers/fsl_lpsci.o
 .debug_info    0x00008055     0x12fe ./drivers/fsl_spi.o
 .debug_info    0x00009353      0xbb8 ./drivers/fsl_tpm.o
 .debug_info    0x00009f0b     0x1306 ./drivers/fsl_uart.o
 .debug_info    0x0000b211      0x3c9 ./CMSIS/system_MKL25Z4.o

.debug_abbrev   0x00000000     0x1cb4
 .debug_abbrev  0x00000000      0x1ac ./utilities/fsl_debug_console.o
 .debug_abbrev  0x000001ac      0x131 ./startup/startup_mkl25z4.o
 .debug_abbrev  0x000002dd      0x13e ./source/PWM_Tester.o
 .debug_abbrev  0x0000041b      0x1cb ./source/kl25z_pwm.o
 .debug_abbrev  0x000005e6       0x41 ./source/mtb.o
 .debug_abbrev  0x00000627      0x118 ./frdmkl25z/board.o
 .debug_abbrev  0x0000073f      0x1db ./frdmkl25z/clock_config.o
 .debug_abbrev  0x0000091a      0x302 ./drivers/fsl_clock.o
 .debug_abbrev  0x00000c1c      0x27b ./drivers/fsl_dma.o
 .debug_abbrev  0x00000e97      0x309 ./drivers/fsl_i2c.o
 .debug_abbrev  0x000011a0      0x296 ./drivers/fsl_lpsci.o
 .debug_abbrev  0x00001436      0x2ae ./drivers/fsl_spi.o
 .debug_abbrev  0x000016e4      0x219 ./drivers/fsl_tpm.o
 .debug_abbrev  0x000018fd      0x2ae ./drivers/fsl_uart.o
 .debug_abbrev  0x00001bab      0x109 ./CMSIS/system_MKL25Z4.o

.debug_aranges  0x00000000      0xaf8
 .debug_aranges
                0x00000000       0x48 ./utilities/fsl_debug_console.o
 .debug_aranges
                0x00000048      0x160 ./startup/startup_mkl25z4.o
 .debug_aranges
                0x000001a8       0x20 ./source/PWM_Tester.o
 .debug_aranges
                0x000001c8       0x50 ./source/kl25z_pwm.o
 .debug_aranges
                0x00000218       0x18 ./source/mtb.o
 .debug_aranges
                0x00000230       0x28 ./frdmkl25z/board.o
 .debug_aranges
                0x00000258       0x58 ./frdmkl25z/clock_config.o
 .debug_aranges
                0x000002b0      0x1d8 ./drivers/fsl_clock.o
 .debug_aranges
                0x00000488       0xd0 ./drivers/fsl_dma.o
 .debug_aranges
                0x00000558      0x178 ./drivers/fsl_i2c.o
 .debug_aranges
                0x000006d0      0x118 ./drivers/fsl_lpsci.o
 .debug_aranges
                0x000007e8      0x130 ./drivers/fsl_spi.o
 .debug_aranges
                0x00000918       0x88 ./drivers/fsl_tpm.o
 .debug_aranges
                0x000009a0      0x130 ./drivers/fsl_uart.o
 .debug_aranges
                0x00000ad0       0x28 ./CMSIS/system_MKL25Z4.o

.debug_ranges   0x00000000      0xa00
 .debug_ranges  0x00000000       0x38 ./utilities/fsl_debug_console.o
 .debug_ranges  0x00000038      0x150 ./startup/startup_mkl25z4.o
 .debug_ranges  0x00000188       0x10 ./source/PWM_Tester.o
 .debug_ranges  0x00000198       0x40 ./source/kl25z_pwm.o
 .debug_ranges  0x000001d8       0x18 ./frdmkl25z/board.o
 .debug_ranges  0x000001f0       0x48 ./frdmkl25z/clock_config.o
 .debug_ranges  0x00000238      0x1c8 ./drivers/fsl_clock.o
 .debug_ranges  0x00000400       0xc0 ./drivers/fsl_dma.o
 .debug_ranges  0x000004c0      0x168 ./drivers/fsl_i2c.o
 .debug_ranges  0x00000628      0x108 ./drivers/fsl_lpsci.o
 .debug_ranges  0x00000730      0x120 ./drivers/fsl_spi.o
 .debug_ranges  0x00000850       0x78 ./drivers/fsl_tpm.o
 .debug_ranges  0x000008c8      0x120 ./drivers/fsl_uart.o
 .debug_ranges  0x000009e8       0x18 ./CMSIS/system_MKL25Z4.o

.debug_macro    0x00000000     0x8cce
 .debug_macro   0x00000000      0x13a ./utilities/fsl_debug_console.o
 .debug_macro   0x0000013a      0x85c ./utilities/fsl_debug_console.o
 .debug_macro   0x00000996       0x10 ./utilities/fsl_debug_console.o
 .debug_macro   0x000009a6       0x16 ./utilities/fsl_debug_console.o
 .debug_macro   0x000009bc       0x10 ./utilities/fsl_debug_console.o
 .debug_macro   0x000009cc      0x12d ./utilities/fsl_debug_console.o
 .debug_macro   0x00000af9       0x28 ./utilities/fsl_debug_console.o
 .debug_macro   0x00000b21       0xc4 ./utilities/fsl_debug_console.o
 .debug_macro   0x00000be5       0x16 ./utilities/fsl_debug_console.o
 .debug_macro   0x00000bfb       0x22 ./utilities/fsl_debug_console.o
 .debug_macro   0x00000c1d      0x5b2 ./utilities/fsl_debug_console.o
 .debug_macro   0x000011cf       0x10 ./utilities/fsl_debug_console.o
 .debug_macro   0x000011df       0x3f ./utilities/fsl_debug_console.o
 .debug_macro   0x0000121e       0x3a ./utilities/fsl_debug_console.o
 .debug_macro   0x00001258       0x26 ./utilities/fsl_debug_console.o
 .debug_macro   0x0000127e      0x329 ./utilities/fsl_debug_console.o
 .debug_macro   0x000015a7       0x30 ./utilities/fsl_debug_console.o
 .debug_macro   0x000015d7     0x51e2 ./utilities/fsl_debug_console.o
 .debug_macro   0x000067b9     0x1352 ./utilities/fsl_debug_console.o
 .debug_macro   0x00007b0b       0x3a ./utilities/fsl_debug_console.o
 .debug_macro   0x00007b45       0xf4 ./utilities/fsl_debug_console.o
 .debug_macro   0x00007c39       0x35 ./utilities/fsl_debug_console.o
 .debug_macro   0x00007c6e       0xd2 ./utilities/fsl_debug_console.o
 .debug_macro   0x00007d40       0x34 ./utilities/fsl_debug_console.o
 .debug_macro   0x00007d74       0x10 ./utilities/fsl_debug_console.o
 .debug_macro   0x00007d84       0x10 ./utilities/fsl_debug_console.o
 .debug_macro   0x00007d94       0x29 ./startup/startup_mkl25z4.o
 .debug_macro   0x00007dbd      0x14b ./source/PWM_Tester.o
 .debug_macro   0x00007f08       0x1c ./source/PWM_Tester.o
 .debug_macro   0x00007f24       0x1c ./source/PWM_Tester.o
 .debug_macro   0x00007f40       0x10 ./source/PWM_Tester.o
 .debug_macro   0x00007f50      0x112 ./source/PWM_Tester.o
 .debug_macro   0x00008062       0x10 ./source/PWM_Tester.o
 .debug_macro   0x00008072       0x10 ./source/PWM_Tester.o
 .debug_macro   0x00008082      0x14b ./source/kl25z_pwm.o
 .debug_macro   0x000081cd       0x2f ./source/mtb.o
 .debug_macro   0x000081fc       0x82 ./source/mtb.o
 .debug_macro   0x0000827e       0x10 ./source/mtb.o
 .debug_macro   0x0000828e      0x12b ./frdmkl25z/board.o
 .debug_macro   0x000083b9       0x16 ./frdmkl25z/board.o
 .debug_macro   0x000083cf      0x123 ./frdmkl25z/clock_config.o
 .debug_macro   0x000084f2      0x196 ./drivers/fsl_clock.o
 .debug_macro   0x00008688       0xec ./drivers/fsl_dma.o
 .debug_macro   0x00008774       0xeb ./drivers/fsl_i2c.o
 .debug_macro   0x0000885f       0x10 ./drivers/fsl_i2c.o
 .debug_macro   0x0000886f       0xec ./drivers/fsl_lpsci.o
 .debug_macro   0x0000895b       0xeb ./drivers/fsl_spi.o
 .debug_macro   0x00008a46       0x10 ./drivers/fsl_spi.o
 .debug_macro   0x00008a56       0xf2 ./drivers/fsl_tpm.o
 .debug_macro   0x00008b48       0xf2 ./drivers/fsl_uart.o
 .debug_macro   0x00008c3a       0x94 ./CMSIS/system_MKL25Z4.o

.debug_line     0x00000000     0x4b7a
 .debug_line    0x00000000      0x3b6 ./utilities/fsl_debug_console.o
 .debug_line    0x000003b6      0x128 ./startup/startup_mkl25z4.o
 .debug_line    0x000004de      0x425 ./source/PWM_Tester.o
 .debug_line    0x00000903      0x4a0 ./source/kl25z_pwm.o
 .debug_line    0x00000da3       0x95 ./source/mtb.o
 .debug_line    0x00000e38      0x387 ./frdmkl25z/board.o
 .debug_line    0x000011bf      0x379 ./frdmkl25z/clock_config.o
 .debug_line    0x00001538      0x9cd ./drivers/fsl_clock.o
 .debug_line    0x00001f05      0x533 ./drivers/fsl_dma.o
 .debug_line    0x00002438      0xa23 ./drivers/fsl_i2c.o
 .debug_line    0x00002e5b      0x781 ./drivers/fsl_lpsci.o
 .debug_line    0x000035dc      0x6df ./drivers/fsl_spi.o
 .debug_line    0x00003cbb      0x553 ./drivers/fsl_tpm.o
 .debug_line    0x0000420e      0x784 ./drivers/fsl_uart.o
 .debug_line    0x00004992      0x1e8 ./CMSIS/system_MKL25Z4.o

.debug_str      0x00000000    0x374e9
 .debug_str     0x00000000    0x30b3d ./utilities/fsl_debug_console.o
                              0x30d8c (size before relaxing)
 .debug_str     0x00030b3d      0x3cd ./startup/startup_mkl25z4.o
                               0x283f (size before relaxing)
 .debug_str     0x00030f0a     0x11e8 ./source/PWM_Tester.o
                              0x31516 (size before relaxing)
 .debug_str     0x000320f2      0x2c0 ./source/kl25z_pwm.o
                              0x31389 (size before relaxing)
 .debug_str     0x000323b2      0x532 ./source/mtb.o
                               0x2952 (size before relaxing)
 .debug_str     0x000328e4       0x50 ./frdmkl25z/board.o
                              0x309aa (size before relaxing)
 .debug_str     0x00032934      0x71b ./frdmkl25z/clock_config.o
                              0x30856 (size before relaxing)
 .debug_str     0x0003304f     0x11bf ./drivers/fsl_clock.o
                              0x31914 (size before relaxing)
 .debug_str     0x0003420e      0x979 ./drivers/fsl_dma.o
                              0x30be2 (size before relaxing)
 .debug_str     0x00034b87      0xc1b ./drivers/fsl_i2c.o
                              0x310ee (size before relaxing)
 .debug_str     0x000357a2      0x926 ./drivers/fsl_lpsci.o
                              0x30f1c (size before relaxing)
 .debug_str     0x000360c8      0x7b8 ./drivers/fsl_spi.o
                              0x30cde (size before relaxing)
 .debug_str     0x00036880      0x3e8 ./drivers/fsl_tpm.o
                              0x30afe (size before relaxing)
 .debug_str     0x00036c68      0x832 ./drivers/fsl_uart.o
                              0x30f3f (size before relaxing)
 .debug_str     0x0003749a       0x4f ./CMSIS/system_MKL25Z4.o
                              0x2f28e (size before relaxing)

.comment        0x00000000       0x6e
 .comment       0x00000000       0x6e ./utilities/fsl_debug_console.o
                                 0x6f (size before relaxing)
 .comment       0x0000006e       0x6f ./startup/startup_mkl25z4.o
 .comment       0x0000006e       0x6f ./source/PWM_Tester.o
 .comment       0x0000006e       0x6f ./source/kl25z_pwm.o
 .comment       0x0000006e       0x6f ./source/mtb.o
 .comment       0x0000006e       0x6f ./frdmkl25z/board.o
 .comment       0x0000006e       0x6f ./frdmkl25z/clock_config.o
 .comment       0x0000006e       0x6f ./drivers/fsl_clock.o
 .comment       0x0000006e       0x6f ./drivers/fsl_dma.o
 .comment       0x0000006e       0x6f ./drivers/fsl_i2c.o
 .comment       0x0000006e       0x6f ./drivers/fsl_lpsci.o
 .comment       0x0000006e       0x6f ./drivers/fsl_spi.o
 .comment       0x0000006e       0x6f ./drivers/fsl_tpm.o
 .comment       0x0000006e       0x6f ./drivers/fsl_uart.o
 .comment       0x0000006e       0x6f ./CMSIS/system_MKL25Z4.o
 .comment       0x0000006e       0x6f c:/nxp/mcuxpressoide_10.0.2_411/ide/tools/bin/../lib/gcc/arm-none-eabi/5.4.1/../../../../arm-none-eabi/lib/armv6-m\libcr_semihost_nf.a(_cr__main.o)
 .comment       0x0000006e       0x6f c:/nxp/mcuxpressoide_10.0.2_411/ide/tools/bin/../lib/gcc/arm-none-eabi/5.4.1/../../../../arm-none-eabi/lib/armv6-m\libcr_semihost_nf.a(_cr_assert.o)
 .comment       0x0000006e       0x6f c:/nxp/mcuxpressoide_10.0.2_411/ide/tools/bin/../lib/gcc/arm-none-eabi/5.4.1/../../../../arm-none-eabi/lib/armv6-m\libcr_semihost_nf.a(__ciob.o)
 .comment       0x0000006e       0x6f c:/nxp/mcuxpressoide_10.0.2_411/ide/tools/bin/../lib/gcc/arm-none-eabi/5.4.1/../../../../arm-none-eabi/lib/armv6-m\libcr_c.a(memset.o)
 .comment       0x0000006e       0x6f c:/nxp/mcuxpressoide_10.0.2_411/ide/tools/bin/../lib/gcc/arm-none-eabi/5.4.1/../../../../arm-none-eabi/lib/armv6-m\libcr_c.a(_deferredlazyseek.o)
 .comment       0x0000006e       0x6f c:/nxp/mcuxpressoide_10.0.2_411/ide/tools/bin/../lib/gcc/arm-none-eabi/5.4.1/../../../../arm-none-eabi/lib/armv6-m\libcr_c.a(_fflush.o)
 .comment       0x0000006e       0x6f c:/nxp/mcuxpressoide_10.0.2_411/ide/tools/bin/../lib/gcc/arm-none-eabi/5.4.1/../../../../arm-none-eabi/lib/armv6-m\libcr_c.a(_writebuf.o)
 .comment       0x0000006e       0x6f c:/nxp/mcuxpressoide_10.0.2_411/ide/tools/bin/../lib/gcc/arm-none-eabi/5.4.1/../../../../arm-none-eabi/lib/armv6-m\libcr_c.a(alloc.o)
 .comment       0x0000006e       0x6f c:/nxp/mcuxpressoide_10.0.2_411/ide/tools/bin/../lib/gcc/arm-none-eabi/5.4.1/../../../../arm-none-eabi/lib/armv6-m\libcr_c.a(fputs.o)
 .comment       0x0000006e       0x6f c:/nxp/mcuxpressoide_10.0.2_411/ide/tools/bin/../lib/gcc/arm-none-eabi/5.4.1/../../../../arm-none-eabi/lib/armv6-m\libcr_c.a(fseek.o)
 .comment       0x0000006e       0x6f c:/nxp/mcuxpressoide_10.0.2_411/ide/tools/bin/../lib/gcc/arm-none-eabi/5.4.1/../../../../arm-none-eabi/lib/armv6-m\libcr_c.a(ftell.o)
 .comment       0x0000006e       0x6f c:/nxp/mcuxpressoide_10.0.2_411/ide/tools/bin/../lib/gcc/arm-none-eabi/5.4.1/../../../../arm-none-eabi/lib/armv6-m\libcr_c.a(initio.o)
 .comment       0x0000006e       0x6f c:/nxp/mcuxpressoide_10.0.2_411/ide/tools/bin/../lib/gcc/arm-none-eabi/5.4.1/../../../../arm-none-eabi/lib/armv6-m\libcr_c.a(setvbuf.o)
 .comment       0x0000006e       0x6f c:/nxp/mcuxpressoide_10.0.2_411/ide/tools/bin/../lib/gcc/arm-none-eabi/5.4.1/../../../../arm-none-eabi/lib/armv6-m\libcr_c.a(__init_alloc.o)
 .comment       0x0000006e       0x6f c:/nxp/mcuxpressoide_10.0.2_411/ide/tools/bin/../lib/gcc/arm-none-eabi/5.4.1/../../../../arm-none-eabi/lib/armv6-m\libcr_c.a(_cr_sbrk.o)
 .comment       0x0000006e       0x6f c:/nxp/mcuxpressoide_10.0.2_411/ide/tools/bin/../lib/gcc/arm-none-eabi/5.4.1/../../../../arm-none-eabi/lib/armv6-m\libcr_c.a(_fdopen.o)
 .comment       0x0000006e       0x6f c:/nxp/mcuxpressoide_10.0.2_411/ide/tools/bin/../lib/gcc/arm-none-eabi/5.4.1/../../../../arm-none-eabi/lib/armv6-m\libcr_c.a(errno.o)
 .comment       0x0000006e       0x6f c:/nxp/mcuxpressoide_10.0.2_411/ide/tools/bin/../lib/gcc/arm-none-eabi/5.4.1/../../../../arm-none-eabi/lib/armv6-m\libcr_c.a(fclose.o)
 .comment       0x0000006e       0x6f c:/nxp/mcuxpressoide_10.0.2_411/ide/tools/bin/../lib/gcc/arm-none-eabi/5.4.1/../../../../arm-none-eabi/lib/armv6-m\libcr_c.a(fflush.o)
 .comment       0x0000006e       0x6f c:/nxp/mcuxpressoide_10.0.2_411/ide/tools/bin/../lib/gcc/arm-none-eabi/5.4.1/../../../../arm-none-eabi/lib/armv6-m\libcr_c.a(remove.o)
 .comment       0x0000006e       0x6f c:/nxp/mcuxpressoide_10.0.2_411/ide/tools/bin/../lib/gcc/arm-none-eabi/5.4.1/../../../../arm-none-eabi/lib/armv6-m\libcr_c.a(strlen.o)
 .comment       0x0000006e       0x6f c:/nxp/mcuxpressoide_10.0.2_411/ide/tools/bin/../lib/gcc/arm-none-eabi/5.4.1/../../../../arm-none-eabi/lib/armv6-m\libcr_c.a(_cr_check_heap.o)
 .comment       0x0000006e       0x6f c:/nxp/mcuxpressoide_10.0.2_411/ide/tools/bin/../lib/gcc/arm-none-eabi/5.4.1/../../../../arm-none-eabi/lib/armv6-m\libcr_c.a(_do_fflush.o)

.ARM.attributes
                0x00000000       0x30
 .ARM.attributes
                0x00000000       0x32 ./utilities/fsl_debug_console.o
 .ARM.attributes
                0x00000032       0x32 ./startup/startup_mkl25z4.o
 .ARM.attributes
                0x00000064       0x32 ./source/PWM_Tester.o
 .ARM.attributes
                0x00000096       0x32 ./source/kl25z_pwm.o
 .ARM.attributes
                0x000000c8       0x32 ./source/mtb.o
 .ARM.attributes
                0x000000fa       0x32 ./frdmkl25z/board.o
 .ARM.attributes
                0x0000012c       0x32 ./frdmkl25z/clock_config.o
 .ARM.attributes
                0x0000015e       0x32 ./drivers/fsl_clock.o
 .ARM.attributes
                0x00000190       0x32 ./drivers/fsl_dma.o
 .ARM.attributes
                0x000001c2       0x32 ./drivers/fsl_i2c.o
 .ARM.attributes
                0x000001f4       0x32 ./drivers/fsl_lpsci.o
 .ARM.attributes
                0x00000226       0x32 ./drivers/fsl_spi.o
 .ARM.attributes
                0x00000258       0x32 ./drivers/fsl_tpm.o
 .ARM.attributes
                0x0000028a       0x32 ./drivers/fsl_uart.o
 .ARM.attributes
                0x000002bc       0x32 ./CMSIS/system_MKL25Z4.o
 .ARM.attributes
                0x000002ee       0x31 c:/nxp/mcuxpressoide_10.0.2_411/ide/tools/bin/../lib/gcc/arm-none-eabi/5.4.1/../../../../arm-none-eabi/lib/armv6-m\libcr_semihost_nf.a(_cr__main.o)
 .ARM.attributes
                0x0000031f       0x31 c:/nxp/mcuxpressoide_10.0.2_411/ide/tools/bin/../lib/gcc/arm-none-eabi/5.4.1/../../../../arm-none-eabi/lib/armv6-m\libcr_semihost_nf.a(_cr_assert.o)
 .ARM.attributes
                0x00000350       0x31 c:/nxp/mcuxpressoide_10.0.2_411/ide/tools/bin/../lib/gcc/arm-none-eabi/5.4.1/../../../../arm-none-eabi/lib/armv6-m\libcr_semihost_nf.a(__ciob.o)
 .ARM.attributes
                0x00000381       0x21 c:/nxp/mcuxpressoide_10.0.2_411/ide/tools/bin/../lib/gcc/arm-none-eabi/5.4.1/../../../../arm-none-eabi/lib/armv6-m\libcr_semihost_nf.a(__sys_appexit.o)
 .ARM.attributes
                0x000003a2       0x31 c:/nxp/mcuxpressoide_10.0.2_411/ide/tools/bin/../lib/gcc/arm-none-eabi/5.4.1/../../../../arm-none-eabi/lib/armv6-m\libcr_c.a(memset.o)
 .ARM.attributes
                0x000003d3       0x31 c:/nxp/mcuxpressoide_10.0.2_411/ide/tools/bin/../lib/gcc/arm-none-eabi/5.4.1/../../../../arm-none-eabi/lib/armv6-m\libcr_c.a(_deferredlazyseek.o)
 .ARM.attributes
                0x00000404       0x31 c:/nxp/mcuxpressoide_10.0.2_411/ide/tools/bin/../lib/gcc/arm-none-eabi/5.4.1/../../../../arm-none-eabi/lib/armv6-m\libcr_c.a(_fflush.o)
 .ARM.attributes
                0x00000435       0x31 c:/nxp/mcuxpressoide_10.0.2_411/ide/tools/bin/../lib/gcc/arm-none-eabi/5.4.1/../../../../arm-none-eabi/lib/armv6-m\libcr_c.a(_writebuf.o)
 .ARM.attributes
                0x00000466       0x31 c:/nxp/mcuxpressoide_10.0.2_411/ide/tools/bin/../lib/gcc/arm-none-eabi/5.4.1/../../../../arm-none-eabi/lib/armv6-m\libcr_c.a(alloc.o)
 .ARM.attributes
                0x00000497       0x31 c:/nxp/mcuxpressoide_10.0.2_411/ide/tools/bin/../lib/gcc/arm-none-eabi/5.4.1/../../../../arm-none-eabi/lib/armv6-m\libcr_c.a(fputs.o)
 .ARM.attributes
                0x000004c8       0x31 c:/nxp/mcuxpressoide_10.0.2_411/ide/tools/bin/../lib/gcc/arm-none-eabi/5.4.1/../../../../arm-none-eabi/lib/armv6-m\libcr_c.a(fseek.o)
 .ARM.attributes
                0x000004f9       0x31 c:/nxp/mcuxpressoide_10.0.2_411/ide/tools/bin/../lib/gcc/arm-none-eabi/5.4.1/../../../../arm-none-eabi/lib/armv6-m\libcr_c.a(ftell.o)
 .ARM.attributes
                0x0000052a       0x31 c:/nxp/mcuxpressoide_10.0.2_411/ide/tools/bin/../lib/gcc/arm-none-eabi/5.4.1/../../../../arm-none-eabi/lib/armv6-m\libcr_c.a(initio.o)
 .ARM.attributes
                0x0000055b       0x31 c:/nxp/mcuxpressoide_10.0.2_411/ide/tools/bin/../lib/gcc/arm-none-eabi/5.4.1/../../../../arm-none-eabi/lib/armv6-m\libcr_c.a(setvbuf.o)
 .ARM.attributes
                0x0000058c       0x31 c:/nxp/mcuxpressoide_10.0.2_411/ide/tools/bin/../lib/gcc/arm-none-eabi/5.4.1/../../../../arm-none-eabi/lib/armv6-m\libcr_c.a(__init_alloc.o)
 .ARM.attributes
                0x000005bd       0x31 c:/nxp/mcuxpressoide_10.0.2_411/ide/tools/bin/../lib/gcc/arm-none-eabi/5.4.1/../../../../arm-none-eabi/lib/armv6-m\libcr_c.a(_cr_sbrk.o)
 .ARM.attributes
                0x000005ee       0x31 c:/nxp/mcuxpressoide_10.0.2_411/ide/tools/bin/../lib/gcc/arm-none-eabi/5.4.1/../../../../arm-none-eabi/lib/armv6-m\libcr_c.a(_fdopen.o)
 .ARM.attributes
                0x0000061f       0x31 c:/nxp/mcuxpressoide_10.0.2_411/ide/tools/bin/../lib/gcc/arm-none-eabi/5.4.1/../../../../arm-none-eabi/lib/armv6-m\libcr_c.a(errno.o)
 .ARM.attributes
                0x00000650       0x31 c:/nxp/mcuxpressoide_10.0.2_411/ide/tools/bin/../lib/gcc/arm-none-eabi/5.4.1/../../../../arm-none-eabi/lib/armv6-m\libcr_c.a(fclose.o)
 .ARM.attributes
                0x00000681       0x31 c:/nxp/mcuxpressoide_10.0.2_411/ide/tools/bin/../lib/gcc/arm-none-eabi/5.4.1/../../../../arm-none-eabi/lib/armv6-m\libcr_c.a(fflush.o)
 .ARM.attributes
                0x000006b2       0x31 c:/nxp/mcuxpressoide_10.0.2_411/ide/tools/bin/../lib/gcc/arm-none-eabi/5.4.1/../../../../arm-none-eabi/lib/armv6-m\libcr_c.a(remove.o)
 .ARM.attributes
                0x000006e3       0x31 c:/nxp/mcuxpressoide_10.0.2_411/ide/tools/bin/../lib/gcc/arm-none-eabi/5.4.1/../../../../arm-none-eabi/lib/armv6-m\libcr_c.a(strlen.o)
 .ARM.attributes
                0x00000714       0x31 c:/nxp/mcuxpressoide_10.0.2_411/ide/tools/bin/../lib/gcc/arm-none-eabi/5.4.1/../../../../arm-none-eabi/lib/armv6-m\libcr_c.a(_cr_check_heap.o)
 .ARM.attributes
                0x00000745       0x31 c:/nxp/mcuxpressoide_10.0.2_411/ide/tools/bin/../lib/gcc/arm-none-eabi/5.4.1/../../../../arm-none-eabi/lib/armv6-m\libcr_c.a(_do_fflush.o)
 .ARM.attributes
                0x00000776       0x21 c:/nxp/mcuxpressoide_10.0.2_411/ide/tools/bin/../lib/gcc/arm-none-eabi/5.4.1/armv6-m\libcr_eabihelpers.a(division_32.o)
 .ARM.attributes
                0x00000797       0x21 c:/nxp/mcuxpressoide_10.0.2_411/ide/tools/bin/../lib/gcc/arm-none-eabi/5.4.1/armv6-m\libcr_eabihelpers.a(division_idiv0.o)
 .ARM.attributes
                0x000007b8       0x21 c:/nxp/mcuxpressoide_10.0.2_411/ide/tools/bin/../lib/gcc/arm-none-eabi/5.4.1/armv6-m\libcr_eabihelpers.a(memcpy.o)
 .ARM.attributes
                0x000007d9       0x21 c:/nxp/mcuxpressoide_10.0.2_411/ide/tools/bin/../lib/gcc/arm-none-eabi/5.4.1/../../../../arm-none-eabi/lib/armv6-m\libcr_semihost_nf.a(__sys_close.o)
 .ARM.attributes
                0x000007fa       0x21 c:/nxp/mcuxpressoide_10.0.2_411/ide/tools/bin/../lib/gcc/arm-none-eabi/5.4.1/../../../../arm-none-eabi/lib/armv6-m\libcr_semihost_nf.a(__sys_flen.o)
 .ARM.attributes
                0x0000081b       0x21 c:/nxp/mcuxpressoide_10.0.2_411/ide/tools/bin/../lib/gcc/arm-none-eabi/5.4.1/../../../../arm-none-eabi/lib/armv6-m\libcr_semihost_nf.a(__sys_istty.o)
 .ARM.attributes
                0x0000083c       0x21 c:/nxp/mcuxpressoide_10.0.2_411/ide/tools/bin/../lib/gcc/arm-none-eabi/5.4.1/../../../../arm-none-eabi/lib/armv6-m\libcr_semihost_nf.a(__sys_remove.o)
 .ARM.attributes
                0x0000085d       0x21 c:/nxp/mcuxpressoide_10.0.2_411/ide/tools/bin/../lib/gcc/arm-none-eabi/5.4.1/../../../../arm-none-eabi/lib/armv6-m\libcr_semihost_nf.a(__sys_seek.o)
 .ARM.attributes
                0x0000087e       0x21 c:/nxp/mcuxpressoide_10.0.2_411/ide/tools/bin/../lib/gcc/arm-none-eabi/5.4.1/../../../../arm-none-eabi/lib/armv6-m\libcr_semihost_nf.a(__sys_tmpnam.o)
 .ARM.attributes
                0x0000089f       0x21 c:/nxp/mcuxpressoide_10.0.2_411/ide/tools/bin/../lib/gcc/arm-none-eabi/5.4.1/../../../../arm-none-eabi/lib/armv6-m\libcr_semihost_nf.a(__sys_write.o)

.debug_frame    0x00000000     0x252c
 .debug_frame   0x00000000       0xcc ./utilities/fsl_debug_console.o
 .debug_frame   0x000000cc      0x3b0 ./startup/startup_mkl25z4.o
 .debug_frame   0x0000047c       0x30 ./source/PWM_Tester.o
 .debug_frame   0x000004ac       0xf4 ./source/kl25z_pwm.o
 .debug_frame   0x000005a0       0x50 ./frdmkl25z/board.o
 .debug_frame   0x000005f0      0x100 ./frdmkl25z/clock_config.o
 .debug_frame   0x000006f0      0x6dc ./drivers/fsl_clock.o
 .debug_frame   0x00000dcc      0x2e0 ./drivers/fsl_dma.o
 .debug_frame   0x000010ac      0x588 ./drivers/fsl_i2c.o
 .debug_frame   0x00001634      0x410 ./drivers/fsl_lpsci.o
 .debug_frame   0x00001a44      0x468 ./drivers/fsl_spi.o
 .debug_frame   0x00001eac      0x1d0 ./drivers/fsl_tpm.o
 .debug_frame   0x0000207c      0x464 ./drivers/fsl_uart.o
 .debug_frame   0x000024e0       0x4c ./CMSIS/system_MKL25Z4.o
