Archive member included to satisfy reference by file (symbol)

c:/nxp/mcuxpressoide_10.0.2_411/ide/tools/bin/../lib/gcc/arm-none-eabi/5.4.1/../../../../arm-none-eabi/lib/armv6-m\libcr_semihost_nf.a(_cr__main.o)
                              ./startup/startup_mkl25z4.o (__main)
c:/nxp/mcuxpressoide_10.0.2_411/ide/tools/bin/../lib/gcc/arm-none-eabi/5.4.1/../../../../arm-none-eabi/lib/armv6-m\libcr_semihost_nf.a(_cr_assert.o)
                              ./drivers/fsl_clock.o (__assertion_failed)
c:/nxp/mcuxpressoide_10.0.2_411/ide/tools/bin/../lib/gcc/arm-none-eabi/5.4.1/../../../../arm-none-eabi/lib/armv6-m\libcr_semihost_nf.a(__ciob.o)
                              c:/nxp/mcuxpressoide_10.0.2_411/ide/tools/bin/../lib/gcc/arm-none-eabi/5.4.1/../../../../arm-none-eabi/lib/armv6-m\libcr_semihost_nf.a(_cr_assert.o) (__Ciob)
c:/nxp/mcuxpressoide_10.0.2_411/ide/tools/bin/../lib/gcc/arm-none-eabi/5.4.1/../../../../arm-none-eabi/lib/armv6-m\libcr_semihost_nf.a(__sys_appexit.o)
                              c:/nxp/mcuxpressoide_10.0.2_411/ide/tools/bin/../lib/gcc/arm-none-eabi/5.4.1/../../../../arm-none-eabi/lib/armv6-m\libcr_semihost_nf.a(_cr_assert.o) (__sys_appexit)
c:/nxp/mcuxpressoide_10.0.2_411/ide/tools/bin/../lib/gcc/arm-none-eabi/5.4.1/../../../../arm-none-eabi/lib/armv6-m\libcr_c.a(memcpy.o)
                              ./drivers/fsl_flash.o (memcpy)
c:/nxp/mcuxpressoide_10.0.2_411/ide/tools/bin/../lib/gcc/arm-none-eabi/5.4.1/../../../../arm-none-eabi/lib/armv6-m\libcr_c.a(memset.o)
                              ./drivers/fsl_flash.o (memset)
c:/nxp/mcuxpressoide_10.0.2_411/ide/tools/bin/../lib/gcc/arm-none-eabi/5.4.1/../../../../arm-none-eabi/lib/armv6-m\libcr_c.a(_deferredlazyseek.o)
                              c:/nxp/mcuxpressoide_10.0.2_411/ide/tools/bin/../lib/gcc/arm-none-eabi/5.4.1/../../../../arm-none-eabi/lib/armv6-m\libcr_semihost_nf.a(_cr_assert.o) (__flsbuf)
c:/nxp/mcuxpressoide_10.0.2_411/ide/tools/bin/../lib/gcc/arm-none-eabi/5.4.1/../../../../arm-none-eabi/lib/armv6-m\libcr_c.a(_fflush.o)
                              c:/nxp/mcuxpressoide_10.0.2_411/ide/tools/bin/../lib/gcc/arm-none-eabi/5.4.1/../../../../arm-none-eabi/lib/armv6-m\libcr_c.a(_deferredlazyseek.o) (_fflush)
c:/nxp/mcuxpressoide_10.0.2_411/ide/tools/bin/../lib/gcc/arm-none-eabi/5.4.1/../../../../arm-none-eabi/lib/armv6-m\libcr_c.a(_writebuf.o)
                              c:/nxp/mcuxpressoide_10.0.2_411/ide/tools/bin/../lib/gcc/arm-none-eabi/5.4.1/../../../../arm-none-eabi/lib/armv6-m\libcr_c.a(_deferredlazyseek.o) (_Cwritebuf)
c:/nxp/mcuxpressoide_10.0.2_411/ide/tools/bin/../lib/gcc/arm-none-eabi/5.4.1/../../../../arm-none-eabi/lib/armv6-m\libcr_c.a(alloc.o)
                              c:/nxp/mcuxpressoide_10.0.2_411/ide/tools/bin/../lib/gcc/arm-none-eabi/5.4.1/../../../../arm-none-eabi/lib/armv6-m\libcr_c.a(_deferredlazyseek.o) (_Csys_alloc)
c:/nxp/mcuxpressoide_10.0.2_411/ide/tools/bin/../lib/gcc/arm-none-eabi/5.4.1/../../../../arm-none-eabi/lib/armv6-m\libcr_c.a(fputs.o)
                              c:/nxp/mcuxpressoide_10.0.2_411/ide/tools/bin/../lib/gcc/arm-none-eabi/5.4.1/../../../../arm-none-eabi/lib/armv6-m\libcr_semihost_nf.a(_cr_assert.o) (fputs)
c:/nxp/mcuxpressoide_10.0.2_411/ide/tools/bin/../lib/gcc/arm-none-eabi/5.4.1/../../../../arm-none-eabi/lib/armv6-m\libcr_c.a(fseek.o)
                              c:/nxp/mcuxpressoide_10.0.2_411/ide/tools/bin/../lib/gcc/arm-none-eabi/5.4.1/../../../../arm-none-eabi/lib/armv6-m\libcr_c.a(_deferredlazyseek.o) (fseek)
c:/nxp/mcuxpressoide_10.0.2_411/ide/tools/bin/../lib/gcc/arm-none-eabi/5.4.1/../../../../arm-none-eabi/lib/armv6-m\libcr_c.a(ftell.o)
                              c:/nxp/mcuxpressoide_10.0.2_411/ide/tools/bin/../lib/gcc/arm-none-eabi/5.4.1/../../../../arm-none-eabi/lib/armv6-m\libcr_c.a(fseek.o) (ftell)
c:/nxp/mcuxpressoide_10.0.2_411/ide/tools/bin/../lib/gcc/arm-none-eabi/5.4.1/../../../../arm-none-eabi/lib/armv6-m\libcr_c.a(initio.o)
                              c:/nxp/mcuxpressoide_10.0.2_411/ide/tools/bin/../lib/gcc/arm-none-eabi/5.4.1/../../../../arm-none-eabi/lib/armv6-m\libcr_semihost_nf.a(_cr__main.o) (_initio)
c:/nxp/mcuxpressoide_10.0.2_411/ide/tools/bin/../lib/gcc/arm-none-eabi/5.4.1/../../../../arm-none-eabi/lib/armv6-m\libcr_c.a(setvbuf.o)
                              c:/nxp/mcuxpressoide_10.0.2_411/ide/tools/bin/../lib/gcc/arm-none-eabi/5.4.1/../../../../arm-none-eabi/lib/armv6-m\libcr_c.a(initio.o) (setvbuf)
c:/nxp/mcuxpressoide_10.0.2_411/ide/tools/bin/../lib/gcc/arm-none-eabi/5.4.1/../../../../arm-none-eabi/lib/armv6-m\libcr_c.a(__init_alloc.o)
                              c:/nxp/mcuxpressoide_10.0.2_411/ide/tools/bin/../lib/gcc/arm-none-eabi/5.4.1/../../../../arm-none-eabi/lib/armv6-m\libcr_c.a(alloc.o) (__heaps)
c:/nxp/mcuxpressoide_10.0.2_411/ide/tools/bin/../lib/gcc/arm-none-eabi/5.4.1/../../../../arm-none-eabi/lib/armv6-m\libcr_c.a(_cr_sbrk.o)
[...]
Memory Configuration

Name             Origin             Length             Attributes
PROGRAM_FLASH    0x00000000         0x00020000         xr
SRAM             0x1ffff000         0x00004000         xrw
*default*        0x00000000         0xffffffff

Linker script and memory map

LOAD ./utilities/fsl_debug_console.o
LOAD ./startup/startup_mkl25z4.o
LOAD ./source/main.o
LOAD ./source/mtb.o
LOAD ./gsc_scheduler/periodic_tasks/periodic_tasks_exec.o
LOAD ./gsc_scheduler/periodic_tasks/periodic_tasks_init.o
LOAD ./gsc_scheduler/gsc_sch_core/gsc_sch_core.o
LOAD ./gsc_scheduler/gsc_sch_core/gsc_sch_core_cfg.o
LOAD ./gsc_scheduler/gsc_sch_core/gsc_sch_core_tick_isr.o
LOAD ./drivers/fsl_clock.o
LOAD ./drivers/fsl_common.o
LOAD ./drivers/fsl_flash.o
LOAD ./drivers/fsl_gpio.o
LOAD ./drivers/fsl_lpsci.o
LOAD ./drivers/fsl_pit.o
LOAD ./drivers/fsl_smc.o
LOAD ./drivers/fsl_uart.o
LOAD ./board/board.o
LOAD ./board/clock_config.o
LOAD ./board/pin_mux.o
LOAD ./app/mp3_player.o
LOAD ./MAL/ledManager.o
LOAD ./HAL/gpio_mp3.o
LOAD ./CMSIS/system_MKL25Z4.o
START GROUP
LOAD c:/nxp/mcuxpressoide_10.0.2_411/ide/tools/bin/../lib/gcc/arm-none-eabi/5.4.1/../../../../arm-none-eabi/lib/armv6-m\libcr_semihost_nf.a
LOAD c:/nxp/mcuxpressoide_10.0.2_411/ide/tools/bin/../lib/gcc/arm-none-eabi/5.4.1/../../../../arm-none-eabi/lib/armv6-m\libcr_c.a
LOAD c:/nxp/mcuxpressoide_10.0.2_411/ide/tools/bin/../lib/gcc/arm-none-eabi/5.4.1/armv6-m\libcr_eabihelpers.a
END GROUP
                0x00000000                __base_PROGRAM_FLASH = 0x0
                0x00000000                __base_Flash = 0x0
                0x00020000                __top_PROGRAM_FLASH = 0x20000
                0x00020000                __top_Flash = 0x20000
                0x1ffff000                __base_SRAM = 0x1ffff000
                0x1ffff000                __base_RAM = 0x1ffff000
                0x20003000                __top_SRAM = 0x20003000
                0x20003000                __top_RAM = 0x20003000

.text           0x00000000     0x360c
 FILL mask 0xff
                0x00000000                __vectors_start__ = ABSOLUTE (.)
 *(.isr_vector)
 .isr_vector    0x00000000       0xc0 ./startup/startup_mkl25z4.o
                0x00000000                g_pfnVectors
                0x00000000                __Vectors
                0x000000c0                . = ALIGN (0x4)
                0x000000c0                __section_table_start = .
                0x000000c0                __data_section_table = .
                0x000000c0        0x4 LONG 0x360c LOADADDR (.data)
                0x000000c4        0x4 LONG 0x1ffff080 ADDR (.data)
                0x000000c8        0x4 LONG 0x8 SIZEOF (.data)
                0x000000cc                __data_section_table_end = .
                0x000000cc                __bss_section_table = .
                0x000000cc        0x4 LONG 0x1ffff088 ADDR (.bss)
                0x000000d0        0x4 LONG 0x100 SIZEOF (.bss)
                0x000000d4                __bss_section_table_end = .
                0x000000d4                __section_table_end = .
 *(.after_vectors*)
 .after_vectors.init_data
                0x000000d4       0x18 ./startup/startup_mkl25z4.o
                0x000000d4                data_init
 .after_vectors.init_bss
                0x000000ec       0x14 ./startup/startup_mkl25z4.o
                0x000000ec                bss_init
 .after_vectors.reset
                0x00000100       0x4c ./startup/startup_mkl25z4.o
                0x00000100                ResetISR
 .after_vectors
                0x0000014c      0x118 ./startup/startup_mkl25z4.o
                0x0000014c                NMI_Handler
                0x00000150                HardFault_Handler
                0x00000154                SVC_Handler
                0x00000158                PendSV_Handler
                0x00000160                SPI1_DriverIRQHandler
                0x00000160                LPTMR0_DriverIRQHandler
                0x00000160                Reserved39_DriverIRQHandler
                0x00000160                DMA0_DriverIRQHandler
                0x00000160                I2C0_DriverIRQHandler
                0x00000160                PORTD_DriverIRQHandler
                0x00000160                DMA2_DriverIRQHandler
                0x00000160                CMP0_DriverIRQHandler
                0x00000160                TPM2_DriverIRQHandler
                0x00000160                ADC0_DriverIRQHandler
                0x00000160                SPI0_DriverIRQHandler
                0x00000160                TSI0_DriverIRQHandler
                0x00000160                RTC_Seconds_DriverIRQHandler
                0x00000160                I2C1_DriverIRQHandler
                0x00000160                DMA1_DriverIRQHandler
                0x00000160                LLWU_DriverIRQHandler
                0x00000160                MCG_DriverIRQHandler
                0x00000160                PIT_DriverIRQHandler
                0x00000160                RTC_DriverIRQHandler
                0x00000160                TPM1_DriverIRQHandler
                0x00000160                FTFA_DriverIRQHandler
                0x00000160                IntDefaultHandler
                0x00000160                USB0_DriverIRQHandler
                0x00000160                DAC0_DriverIRQHandler
                0x00000160                PORTA_DriverIRQHandler
                0x00000160                LVD_LVW_DriverIRQHandler
                0x00000160                TPM0_DriverIRQHandler
                0x00000160                Reserved45_DriverIRQHandler
                0x00000160                DMA3_DriverIRQHandler
                0x00000160                Reserved20_DriverIRQHandler
                0x00000164                DMA0_IRQHandler
                0x0000016c                DMA1_IRQHandler
                0x00000174                DMA2_IRQHandler
                0x0000017c                DMA3_IRQHandler
                0x00000184                Reserved20_IRQHandler
                0x0000018c                FTFA_IRQHandler
                0x00000194                LVD_LVW_IRQHandler
                0x0000019c                LLWU_IRQHandler
                0x000001a4                I2C0_IRQHandler
                0x000001ac                I2C1_IRQHandler
                0x000001b4                SPI0_IRQHandler
                0x000001bc                SPI1_IRQHandler
                0x000001c4                UART0_IRQHandler
                0x000001cc                UART1_IRQHandler
                0x000001d4                UART2_IRQHandler
                0x000001dc                ADC0_IRQHandler
                0x000001e4                CMP0_IRQHandler
                0x000001ec                TPM0_IRQHandler
                0x000001f4                TPM1_IRQHandler
                0x000001fc                TPM2_IRQHandler
                0x00000204                RTC_IRQHandler
                0x0000020c                RTC_Seconds_IRQHandler
                0x00000214                PIT_IRQHandler
                0x0000021c                Reserved39_IRQHandler
                0x00000224                USB0_IRQHandler
                0x0000022c                DAC0_IRQHandler
                0x00000234                TSI0_IRQHandler
                0x0000023c                MCG_IRQHandler
                0x00000244                LPTMR0_IRQHandler
                0x0000024c                Reserved45_IRQHandler
                0x00000254                PORTA_IRQHandler
                0x0000025c                PORTD_IRQHandler
                0x00000400                . = 0x400
 *fill*         0x00000264      0x19c ff
                0x00000400                PROVIDE (__FLASH_CONFIG_START__, .)
 *(.FlashConfig)
 .FlashConfig   0x00000400       0x10 ./startup/startup_mkl25z4.o
                0x00000400                Flash_Config
                0x00000410                PROVIDE (__FLASH_CONFIG_END__, .)
                0x00000001                ASSERT (! ((__FLASH_CONFIG_START__ == __FLASH_CONFIG_END__)), Linker Flash Config Support Enabled, but no .FlashConfig section provided within application)
 *(.text*)
 .text.UART_EnableTx
                0x00000410       0x40 ./utilities/fsl_debug_console.o
 .text.UART_EnableRx
                0x00000450       0x40 ./utilities/fsl_debug_console.o
 .text.LPSCI_EnableTx
                0x00000490       0x40 ./utilities/fsl_debug_console.o
 .text.LPSCI_EnableRx
                0x000004d0       0x40 ./utilities/fsl_debug_console.o
 .text.DbgConsole_Init
                0x00000510       0xf4 ./utilities/fsl_debug_console.o
                0x00000510                DbgConsole_Init
 .text.__sys_write
                0x00000604       0x58 ./utilities/fsl_debug_console.o
                0x00000604                __sys_write
 .text.NVIC_SetPriority
                0x0000065c       0xdc ./source/main.o
 .text.SysTick_Config
                0x00000738       0x48 ./source/main.o
 .text.main     0x00000780       0x2c ./source/main.o
                0x00000780                main
 .text.SysTick_Handler
                0x000007ac       0x1c ./source/main.o
                0x000007ac                SysTick_Handler
 .text.periodic_tasks_exec_5tks
                0x000007c8       0x10 ./gsc_scheduler/periodic_tasks/periodic_tasks_exec.o
                0x000007c8                periodic_tasks_exec_5tks
 .text.periodic_tasks_exec_10tks
                0x000007d8        0xc ./gsc_scheduler/periodic_tasks/periodic_tasks_exec.o
                0x000007d8                periodic_tasks_exec_10tks
 .text.periodic_tasks_exec_20tks
                0x000007e4        0xc ./gsc_scheduler/periodic_tasks/periodic_tasks_exec.o
                0x000007e4                periodic_tasks_exec_20tks
 .text.periodic_tasks_exec_50tks
                0x000007f0        0xc ./gsc_scheduler/periodic_tasks/periodic_tasks_exec.o
                0x000007f0                periodic_tasks_exec_50tks
 .text.periodic_tasks_exec_100tks
                0x000007fc        0xc ./gsc_scheduler/periodic_tasks/periodic_tasks_exec.o
                0x000007fc                periodic_tasks_exec_100tks
 .text.periodic_tasks_exec_500tks
                0x00000808        0xc ./gsc_scheduler/periodic_tasks/periodic_tasks_exec.o
                0x00000808                periodic_tasks_exec_500tks
 .text.periodic_tasks_exec_1Mtks
                0x00000814        0xc ./gsc_scheduler/periodic_tasks/periodic_tasks_exec.o
                0x00000814                periodic_tasks_exec_1Mtks
 .text.periodic_tasks_init_MclDrvs
                0x00000820        0xc ./gsc_scheduler/periodic_tasks/periodic_tasks_init.o
                0x00000820                periodic_tasks_init_MclDrvs
 .text.periodic_tasks_init_SysDrvs
                0x0000082c       0x10 ./gsc_scheduler/periodic_tasks/periodic_tasks_init.o
                0x0000082c                periodic_tasks_init_SysDrvs
 .text.periodic_tasks_init_task_5tks
                0x0000083c        0xc ./gsc_scheduler/periodic_tasks/periodic_tasks_init.o
                0x0000083c                periodic_tasks_init_task_5tks
 .text.periodic_tasks_init_task_10tks
                0x00000848        0xc ./gsc_scheduler/periodic_tasks/periodic_tasks_init.o
                0x00000848                periodic_tasks_init_task_10tks
 .text.periodic_tasks_init_task_20tks
                0x00000854        0xc ./gsc_scheduler/periodic_tasks/periodic_tasks_init.o
                0x00000854                periodic_tasks_init_task_20tks
 .text.periodic_tasks_init_task_50tks
                0x00000860        0xc ./gsc_scheduler/periodic_tasks/periodic_tasks_init.o
                0x00000860                periodic_tasks_init_task_50tks
 .text.periodic_tasks_init_task_100tks
                0x0000086c        0xc ./gsc_scheduler/periodic_tasks/periodic_tasks_init.o
                0x0000086c                periodic_tasks_init_task_100tks
 .text.periodic_tasks_init_task_500tks
                0x00000878        0xc ./gsc_scheduler/periodic_tasks/periodic_tasks_init.o
                0x00000878                periodic_tasks_init_task_500tks
 .text.periodic_tasks_init_task_1Mtks
                0x00000884        0xc ./gsc_scheduler/periodic_tasks/periodic_tasks_init.o
                0x00000884                periodic_tasks_init_task_1Mtks
 .text.gsc_sch_core_Init
                0x00000890       0x64 ./gsc_scheduler/gsc_sch_core/gsc_sch_core.o
                0x00000890                gsc_sch_core_Init
 .text.gsc_sch_core_exec
                0x000008f4      0x110 ./gsc_scheduler/gsc_sch_core/gsc_sch_core.o
                0x000008f4                gsc_sch_core_exec
 .text.gsc_sch_core_tick_isr
                0x00000a04       0x14 ./gsc_scheduler/gsc_sch_core/gsc_sch_core_tick_isr.o
                0x00000a04                gsc_sch_core_tick_isr
 .text.CLOCK_SetEr32kClock
                0x00000a18       0x30 ./drivers/fsl_clock.o
 .text.CLOCK_SetPllFllSelClock
                0x00000a48       0x38 ./drivers/fsl_clock.o
 .text.OSC_SetExtRefClkConfig
                0x00000a80       0x48 ./drivers/fsl_clock.o
 .text.OSC_SetCapLoad
                0x00000ac8       0x4c ./drivers/fsl_clock.o
 .text.CLOCK_GetMcgExtClkFreq
                0x00000b14       0x28 ./drivers/fsl_clock.o
 .text.CLOCK_GetFllExtRefClkFreq
                0x00000b3c       0xa4 ./drivers/fsl_clock.o
 .text.CLOCK_GetFllRefClkFreq
                0x00000be0       0x30 ./drivers/fsl_clock.o
 .text.CLOCK_GetPll0RefFreq
                0x00000c10       0x10 ./drivers/fsl_clock.o
 .text.CLOCK_GetOscRangeFromFreq
                0x00000c20       0x4c ./drivers/fsl_clock.o
 .text.CLOCK_GetPllFllSelClkFreq
                0x00000c6c       0x50 ./drivers/fsl_clock.o
                0x00000c6c                CLOCK_GetPllFllSelClkFreq
 .text.CLOCK_SetSimConfig
                0x00000cbc       0x38 ./drivers/fsl_clock.o
                0x00000cbc                CLOCK_SetSimConfig
 .text.CLOCK_GetFllFreq
                0x00000cf4       0x84 ./drivers/fsl_clock.o
                0x00000cf4                CLOCK_GetFllFreq
 .text.CLOCK_GetPll0Freq
                0x00000d78       0x70 ./drivers/fsl_clock.o
                0x00000d78                CLOCK_GetPll0Freq
 .text.CLOCK_SetExternalRefClkConfig
                0x00000de8       0x18 ./drivers/fsl_clock.o
                0x00000de8                CLOCK_SetExternalRefClkConfig
 .text.CLOCK_SetInternalRefClkConfig
                0x00000e00      0x12c ./drivers/fsl_clock.o
                0x00000e00                CLOCK_SetInternalRefClkConfig
 .text.CLOCK_EnablePll0
                0x00000f2c       0x98 ./drivers/fsl_clock.o
                0x00000f2c                CLOCK_EnablePll0
 .text.CLOCK_InitOsc0
                0x00000fc4       0x98 ./drivers/fsl_clock.o
                0x00000fc4                CLOCK_InitOsc0
 .text.CLOCK_SetPbeMode
                0x0000105c       0xb0 ./drivers/fsl_clock.o
                0x0000105c                CLOCK_SetPbeMode
 .text.CLOCK_BootToPeeMode
                0x0000110c       0x70 ./drivers/fsl_clock.o
                0x0000110c                CLOCK_BootToPeeMode
 .text.GPIO_WritePinOutput
                0x0000117c       0x34 ./drivers/fsl_gpio.o
 .text.GPIO_PinInit
                0x000011b0       0x64 ./drivers/fsl_gpio.o
                0x000011b0                GPIO_PinInit
 .text.CLOCK_EnableClock
                0x00001214       0x38 ./drivers/fsl_lpsci.o
 .text.LPSCI_GetInstance
                0x0000124c       0x48 ./drivers/fsl_lpsci.o
                0x0000124c                LPSCI_GetInstance
 .text.LPSCI_Init
                0x00001294      0x270 ./drivers/fsl_lpsci.o
                0x00001294                LPSCI_Init
 .text.LPSCI_GetDefaultConfig
                0x00001504       0x44 ./drivers/fsl_lpsci.o
                0x00001504                LPSCI_GetDefaultConfig
 .text.LPSCI_GetStatusFlags
                0x00001548       0x28 ./drivers/fsl_lpsci.o
                0x00001548                LPSCI_GetStatusFlags
 .text.LPSCI_ClearStatusFlags
                0x00001570       0x98 ./drivers/fsl_lpsci.o
                0x00001570                LPSCI_ClearStatusFlags
 .text.LPSCI_WriteBlocking
                0x00001608       0x4c ./drivers/fsl_lpsci.o
                0x00001608                LPSCI_WriteBlocking
 .text.LPSCI_ReadBlocking
                0x00001654       0xc0 ./drivers/fsl_lpsci.o
                0x00001654                LPSCI_ReadBlocking
 .text.UART0_DriverIRQHandler
                0x00001714       0x24 ./drivers/fsl_lpsci.o
                0x00001714                UART0_DriverIRQHandler
 .text.CLOCK_EnableClock
                0x00001738       0x38 ./drivers/fsl_uart.o
 .text.UART_GetInstance
                0x00001770       0x54 ./drivers/fsl_uart.o
                0x00001770                UART_GetInstance
 .text.UART_Init
                0x000017c4      0x1fc ./drivers/fsl_uart.o
                0x000017c4                UART_Init
 .text.UART_GetDefaultConfig
                0x000019c0       0x44 ./drivers/fsl_uart.o
                0x000019c0                UART_GetDefaultConfig
 .text.UART_GetStatusFlags
                0x00001a04       0x28 ./drivers/fsl_uart.o
                0x00001a04                UART_GetStatusFlags
 .text.UART_WriteBlocking
                0x00001a2c       0x3c ./drivers/fsl_uart.o
                0x00001a2c                UART_WriteBlocking
 .text.UART_ReadBlocking
                0x00001a68       0x98 ./drivers/fsl_uart.o
                0x00001a68                UART_ReadBlocking
 .text.UART1_DriverIRQHandler
                0x00001b00       0x24 ./drivers/fsl_uart.o
                0x00001b00                UART1_DriverIRQHandler
 .text.UART2_DriverIRQHandler
                0x00001b24       0x24 ./drivers/fsl_uart.o
                0x00001b24                UART2_DriverIRQHandler
 .text.CLOCK_SetLpsci0Clock
                0x00001b48       0x38 ./board/board.o
 .text.BOARD_InitDebugConsole
                0x00001b80       0x30 ./board/board.o
                0x00001b80                BOARD_InitDebugConsole
 .text.CLOCK_SetSimSafeDivs
                0x00001bb0       0x20 ./board/clock_config.o
 .text.CLOCK_SetXtal0Freq
                0x00001bd0       0x1c ./board/clock_config.o
 .text.CLOCK_CONFIG_SetFllExtRefDiv
                0x00001bec       0x3c ./board/clock_config.o
 .text.BOARD_BootClockRUN
                0x00001c28       0x64 ./board/clock_config.o
                0x00001c28                BOARD_BootClockRUN
 .text.CLOCK_EnableClock
                0x00001c8c       0x38 ./board/pin_mux.o
 .text.PORT_SetPinMux
                0x00001cc4       0x40 ./board/pin_mux.o
 .text.BOARD_InitPins
                0x00001d04       0x68 ./board/pin_mux.o
                0x00001d04                BOARD_InitPins
 .text.APP_Init
                0x00001d6c       0x10 ./app/mp3_player.o
                0x00001d6c                APP_Init
 .text.APP_Execute
                0x00001d7c       0x14 ./app/mp3_player.o
                0x00001d7c                APP_Execute
 .text.APP_ToggleLed
                0x00001d90       0x10 ./app/mp3_player.o
                0x00001d90                APP_ToggleLed
 .text.APP_ReadButton
                0x00001da0       0x38 ./app/mp3_player.o
                0x00001da0                APP_ReadButton
 .text.APP_Check
                0x00001dd8       0x74 ./app/mp3_player.o
                0x00001dd8                APP_Check
 .text.ledManager_Init
                0x00001e4c       0x10 ./MAL/ledManager.o
                0x00001e4c                ledManager_Init
 .text.ledManager_Off
                0x00001e5c       0x18 ./MAL/ledManager.o
                0x00001e5c                ledManager_Off
 .text.ledManager_Toggle
                0x00001e74       0x9c ./MAL/ledManager.o
                0x00001e74                ledManager_Toggle
 .text.ledManager_Read
                0x00001f10       0x1c ./MAL/ledManager.o
                0x00001f10                ledManager_Read
 .text.CLOCK_EnableClock
                0x00001f2c       0x38 ./HAL/gpio_mp3.o
 .text.GPIO_SetPinsOutput
                0x00001f64       0x18 ./HAL/gpio_mp3.o
 .text.GPIO_ClearPinsOutput
                0x00001f7c       0x18 ./HAL/gpio_mp3.o
 .text.GPIO_ReadPinInput
                0x00001f94       0x20 ./HAL/gpio_mp3.o
 .text.PORT_SetPinMux
                0x00001fb4       0x40 ./HAL/gpio_mp3.o
 .text.GPIO_Init
                0x00001ff4       0xa0 ./HAL/gpio_mp3.o
                0x00001ff4                GPIO_Init
 .text.GPIO_RedON
                0x00002094       0x1c ./HAL/gpio_mp3.o
                0x00002094                GPIO_RedON
 .text.GPIO_RedOFF
                0x000020b0       0x1c ./HAL/gpio_mp3.o
                0x000020b0                GPIO_RedOFF
 .text.GPIO_GreenON
                0x000020cc       0x1c ./HAL/gpio_mp3.o
                0x000020cc                GPIO_GreenON
 .text.GPIO_GreenOFF
                0x000020e8       0x1c ./HAL/gpio_mp3.o
                0x000020e8                GPIO_GreenOFF
 .text.GPIO_BlueON
                0x00002104       0x18 ./HAL/gpio_mp3.o
                0x00002104                GPIO_BlueON
 .text.GPIO_BlueOFF
                0x0000211c       0x18 ./HAL/gpio_mp3.o
                0x0000211c                GPIO_BlueOFF
 .text.GPIO_ButtonRead
                0x00002134       0x1c ./HAL/gpio_mp3.o
                0x00002134                GPIO_ButtonRead
 .text.SystemInit
                0x00002150       0x18 ./CMSIS/system_MKL25Z4.o
                0x00002150                SystemInit
 .text.__main   0x00002168        0xc c:/nxp/mcuxpressoide_10.0.2_411/ide/tools/bin/../lib/gcc/arm-none-eabi/5.4.1/../../../../arm-none-eabi/lib/armv6-m\libcr_semihost_nf.a(_cr__main.o)
                0x00002168                __CR_SEMIHOST
                0x00002168                __main
 .text.__assertion_failed
                0x00002174       0x4c c:/nxp/mcuxpressoide_10.0.2_411/ide/tools/bin/../lib/gcc/arm-none-eabi/5.4.1/../../../../arm-none-eabi/lib/armv6-m\libcr_semihost_nf.a(_cr_assert.o)
                0x00002174                __assertion_failed
 .text.__sys_appexit
                0x000021c0        0xc c:/nxp/mcuxpressoide_10.0.2_411/ide/tools/bin/../lib/gcc/arm-none-eabi/5.4.1/../../../../arm-none-eabi/lib/armv6-m\libcr_semihost_nf.a(__sys_appexit.o)
                0x000021c0                __sys_appexit
                0x000021c0                __exit
 .text.memset   0x000021cc        0x8 c:/nxp/mcuxpressoide_10.0.2_411/ide/tools/bin/../lib/gcc/arm-none-eabi/5.4.1/../../../../arm-none-eabi/lib/armv6-m\libcr_c.a(memset.o)
                0x000021cc                memset
 .text._deferredlazyseek
                0x000021d4       0x40 c:/nxp/mcuxpressoide_10.0.2_411/ide/tools/bin/../lib/gcc/arm-none-eabi/5.4.1/../../../../arm-none-eabi/lib/armv6-m\libcr_c.a(_deferredlazyseek.o)
                0x000021d4                _deferredlazyseek
 .text.__flsbuf
                0x00002214      0x14c c:/nxp/mcuxpressoide_10.0.2_411/ide/tools/bin/../lib/gcc/arm-none-eabi/5.4.1/../../../../arm-none-eabi/lib/armv6-m\libcr_c.a(_deferredlazyseek.o)
                0x00002214                __flsbuf
 .text._fflush  0x00002360       0x60 c:/nxp/mcuxpressoide_10.0.2_411/ide/tools/bin/../lib/gcc/arm-none-eabi/5.4.1/../../../../arm-none-eabi/lib/armv6-m\libcr_c.a(_fflush.o)
                0x00002360                _fflush
 .text._Cwritebuf
                0x000023c0       0x6c c:/nxp/mcuxpressoide_10.0.2_411/ide/tools/bin/../lib/gcc/arm-none-eabi/5.4.1/../../../../arm-none-eabi/lib/armv6-m\libcr_c.a(_writebuf.o)
                0x000023c0                _Cwritebuf
 .text.malloc   0x0000242c       0xcc c:/nxp/mcuxpressoide_10.0.2_411/ide/tools/bin/../lib/gcc/arm-none-eabi/5.4.1/../../../../arm-none-eabi/lib/armv6-m\libcr_c.a(alloc.o)
                0x0000242c                malloc
 .text.free     0x000024f8       0x2e c:/nxp/mcuxpressoide_10.0.2_411/ide/tools/bin/../lib/gcc/arm-none-eabi/5.4.1/../../../../arm-none-eabi/lib/armv6-m\libcr_c.a(alloc.o)
                0x000024f8                free
 *fill*         0x00002526        0x2 ff
 .text._Csys_alloc
                0x00002528       0x20 c:/nxp/mcuxpressoide_10.0.2_411/ide/tools/bin/../lib/gcc/arm-none-eabi/5.4.1/../../../../arm-none-eabi/lib/armv6-m\libcr_c.a(alloc.o)
                0x00002528                _Csys_alloc
 .text.fputs    0x00002548       0x30 c:/nxp/mcuxpressoide_10.0.2_411/ide/tools/bin/../lib/gcc/arm-none-eabi/5.4.1/../../../../arm-none-eabi/lib/armv6-m\libcr_c.a(fputs.o)
                0x00002548                fputs
 .text.fseek    0x00002578       0xf0 c:/nxp/mcuxpressoide_10.0.2_411/ide/tools/bin/../lib/gcc/arm-none-eabi/5.4.1/../../../../arm-none-eabi/lib/armv6-m\libcr_c.a(fseek.o)
                0x00002578                fseek
 .text.ftell    0x00002668       0x48 c:/nxp/mcuxpressoide_10.0.2_411/ide/tools/bin/../lib/gcc/arm-none-eabi/5.4.1/../../../../arm-none-eabi/lib/armv6-m\libcr_c.a(ftell.o)
                0x00002668                ftell
 .text._initio  0x000026b0       0x7c c:/nxp/mcuxpressoide_10.0.2_411/ide/tools/bin/../lib/gcc/arm-none-eabi/5.4.1/../../../../arm-none-eabi/lib/armv6-m\libcr_c.a(initio.o)
                0x000026b0                _initio
 .text.setvbuf  0x0000272c       0x4c c:/nxp/mcuxpressoide_10.0.2_411/ide/tools/bin/../lib/gcc/arm-none-eabi/5.4.1/../../../../arm-none-eabi/lib/armv6-m\libcr_c.a(setvbuf.o)
                0x0000272c                setvbuf
 .text._sbrk    0x00002778       0x40 c:/nxp/mcuxpressoide_10.0.2_411/ide/tools/bin/../lib/gcc/arm-none-eabi/5.4.1/../../../../arm-none-eabi/lib/armv6-m\libcr_c.a(_cr_sbrk.o)
                0x00002778                _sbrk
 .text._fdopen  0x000027b8       0x74 c:/nxp/mcuxpressoide_10.0.2_411/ide/tools/bin/../lib/gcc/arm-none-eabi/5.4.1/../../../../arm-none-eabi/lib/armv6-m\libcr_c.a(_fdopen.o)
                0x000027b8                _fdopen
 .text.fclose   0x0000282c       0x5c c:/nxp/mcuxpressoide_10.0.2_411/ide/tools/bin/../lib/gcc/arm-none-eabi/5.4.1/../../../../arm-none-eabi/lib/armv6-m\libcr_c.a(fclose.o)
                0x0000282c                fclose
 .text.fflush   0x00002888       0x44 c:/nxp/mcuxpressoide_10.0.2_411/ide/tools/bin/../lib/gcc/arm-none-eabi/5.4.1/../../../../arm-none-eabi/lib/armv6-m\libcr_c.a(fflush.o)
                0x00002888                fflush
 .text.remove   0x000028cc       0x12 c:/nxp/mcuxpressoide_10.0.2_411/ide/tools/bin/../lib/gcc/arm-none-eabi/5.4.1/../../../../arm-none-eabi/lib/armv6-m\libcr_c.a(remove.o)
                0x000028cc                remove
 *fill*         0x000028de        0x2 ff
 .text.strlen   0x000028e0       0x54 c:/nxp/mcuxpressoide_10.0.2_411/ide/tools/bin/../lib/gcc/arm-none-eabi/5.4.1/../../../../arm-none-eabi/lib/armv6-m\libcr_c.a(strlen.o)
                0x000028e0                strlen
 .text.__check_heap_overflow
                0x00002934       0x14 c:/nxp/mcuxpressoide_10.0.2_411/ide/tools/bin/../lib/gcc/arm-none-eabi/5.4.1/../../../../arm-none-eabi/lib/armv6-m\libcr_c.a(_cr_check_heap.o)
                0x00002934                __check_heap_overflow
 .text._do_fflush
                0x00002948       0x48 c:/nxp/mcuxpressoide_10.0.2_411/ide/tools/bin/../lib/gcc/arm-none-eabi/5.4.1/../../../../arm-none-eabi/lib/armv6-m\libcr_c.a(_do_fflush.o)
                0x00002948                _do_fflush
 .text.__aeabi_division_idivmod
                0x00002990       0x78 c:/nxp/mcuxpressoide_10.0.2_411/ide/tools/bin/../lib/gcc/arm-none-eabi/5.4.1/armv6-m\libcr_eabihelpers.a(division_32.o)
                0x00002990                __aeabi_idivmod
                0x00002990                __aeabi_idiv
                0x00002996                __aeabi_uidivmod
                0x00002996                __aeabi_uidiv
 .text.__aeabi_division_idiv0
                0x00002a08        0x2 c:/nxp/mcuxpressoide_10.0.2_411/ide/tools/bin/../lib/gcc/arm-none-eabi/5.4.1/armv6-m\libcr_eabihelpers.a(division_idiv0.o)
                0x00002a08                __aeabi_idiv0
 .text.__aeabi_memset_lowlevel
                0x00002a0a       0x2a c:/nxp/mcuxpressoide_10.0.2_411/ide/tools/bin/../lib/gcc/arm-none-eabi/5.4.1/armv6-m\libcr_eabihelpers.a(memcpy.o)
                0x00002a0a                __aeabi_lowlevel_memset
 .text.__sys_close
                0x00002a34        0xc c:/nxp/mcuxpressoide_10.0.2_411/ide/tools/bin/../lib/gcc/arm-none-eabi/5.4.1/../../../../arm-none-eabi/lib/armv6-m\libcr_semihost_nf.a(__sys_close.o)
                0x00002a34                __sys_close
 .text.__sys_flen
                0x00002a40        0xc c:/nxp/mcuxpressoide_10.0.2_411/ide/tools/bin/../lib/gcc/arm-none-eabi/5.4.1/../../../../arm-none-eabi/lib/armv6-m\libcr_semihost_nf.a(__sys_flen.o)
                0x00002a40                __sys_flen
 .text.__sys_istty
                0x00002a4c        0xc c:/nxp/mcuxpressoide_10.0.2_411/ide/tools/bin/../lib/gcc/arm-none-eabi/5.4.1/../../../../arm-none-eabi/lib/armv6-m\libcr_semihost_nf.a(__sys_istty.o)
                0x00002a4c                __sys_istty
 .text.__sys_remove
                0x00002a58        0xc c:/nxp/mcuxpressoide_10.0.2_411/ide/tools/bin/../lib/gcc/arm-none-eabi/5.4.1/../../../../arm-none-eabi/lib/armv6-m\libcr_semihost_nf.a(__sys_remove.o)
                0x00002a58                __sys_remove
 .text.__sys_seek
                0x00002a64        0xc c:/nxp/mcuxpressoide_10.0.2_411/ide/tools/bin/../lib/gcc/arm-none-eabi/5.4.1/../../../../arm-none-eabi/lib/armv6-m\libcr_semihost_nf.a(__sys_seek.o)
                0x00002a64                __sys_seek
 .text.__sys_tmpnam
                0x00002a70        0xc c:/nxp/mcuxpressoide_10.0.2_411/ide/tools/bin/../lib/gcc/arm-none-eabi/5.4.1/../../../../arm-none-eabi/lib/armv6-m\libcr_semihost_nf.a(__sys_tmpnam.o)
                0x00002a70                __sys_tmpnam
 *(.rodata .rodata.* .constdata .constdata.*)
 .rodata.cps_mngTaskList
                0x00002a7c       0x90 ./gsc_scheduler/gsc_sch_core/gsc_sch_core_cfg.o
                0x00002a7c                cps_mngTaskList
 .rodata        0x00002b0c      0x11d ./drivers/fsl_clock.o
 *fill*         0x00002c29        0x3 ff
 .rodata.fllFactorTable.5253
                0x00002c2c       0x10 ./drivers/fsl_clock.o
 .rodata        0x00002c3c       0x62 ./drivers/fsl_gpio.o
 *fill*         0x00002c9e        0x2 ff
 .rodata        0x00002ca0      0x48c ./drivers/fsl_lpsci.o
 .rodata.s_uartBases
                0x0000312c        0xc ./drivers/fsl_uart.o
 .rodata.s_uartClock
                0x00003138        0xc ./drivers/fsl_uart.o
 .rodata        0x00003144      0x45b ./drivers/fsl_uart.o
 *fill*         0x0000359f        0x1 ff
 .rodata.mcgConfig_BOARD_BootClockRUN
                0x000035a0        0xa ./board/clock_config.o
                0x000035a0                mcgConfig_BOARD_BootClockRUN
 *fill*         0x000035aa        0x2 ff
 .rodata.simConfig_BOARD_BootClockRUN
                0x000035ac        0x8 ./board/clock_config.o
                0x000035ac                simConfig_BOARD_BootClockRUN
 .rodata.oscConfig_BOARD_BootClockRUN
                0x000035b4        0x8 ./board/clock_config.o
                0x000035b4                oscConfig_BOARD_BootClockRUN
 .rodata.ledManager_Toggle
                0x000035bc       0x18 ./MAL/ledManager.o
 .rodata.str1.1
                0x000035d4       0x15 c:/nxp/mcuxpressoide_10.0.2_411/ide/tools/bin/../lib/gcc/arm-none-eabi/5.4.1/../../../../arm-none-eabi/lib/armv6-m\libcr_semihost_nf.a(_cr_assert.o)
 *fill*         0x000035e9        0x3 ff
 .rodata.__num_Ciob_streams
                0x000035ec        0x4 c:/nxp/mcuxpressoide_10.0.2_411/ide/tools/bin/../lib/gcc/arm-none-eabi/5.4.1/../../../../arm-none-eabi/lib/armv6-m\libcr_semihost_nf.a(__ciob.o)
                0x000035ec                __num_Ciob_streams
 .rodata.str1.1
                0x000035f0       0x18 c:/nxp/mcuxpressoide_10.0.2_411/ide/tools/bin/../lib/gcc/arm-none-eabi/5.4.1/../../../../arm-none-eabi/lib/armv6-m\libcr_c.a(alloc.o)
 .rodata.str1.1
                0x00003608        0x4 c:/nxp/mcuxpressoide_10.0.2_411/ide/tools/bin/../lib/gcc/arm-none-eabi/5.4.1/../../../../arm-none-eabi/lib/armv6-m\libcr_c.a(initio.o)
                0x0000360c                . = ALIGN (0x4)

.glue_7         0x0000360c        0x0
 .glue_7        0x0000360c        0x0 linker stubs

.glue_7t        0x0000360c        0x0
 .glue_7t       0x0000360c        0x0 linker stubs

.vfp11_veneer   0x0000360c        0x0
 .vfp11_veneer  0x0000360c        0x0 linker stubs

.v4_bx          0x0000360c        0x0
 .v4_bx         0x0000360c        0x0 linker stubs

.iplt           0x0000360c        0x0
 .iplt          0x0000360c        0x0 ./utilities/fsl_debug_console.o

.rel.dyn        0x0000360c        0x0
 .rel.iplt      0x0000360c        0x0 ./utilities/fsl_debug_console.o

.ARM.extab
 *(.ARM.extab* .gnu.linkonce.armextab.*)
                0x0000360c                __exidx_start = .

.ARM.exidx
 *(.ARM.exidx* .gnu.linkonce.armexidx.*)
                0x0000360c                __exidx_end = .
                0x0000360c                _etext = .

.m_usb_data
 *(m_usb_bdt)

.mtb_buffer_default
                0x1ffff000       0x80
 *(.mtb*)
 .mtb.$RAM1     0x1ffff000       0x80 ./source/mtb.o
                0x1ffff000                __mtb_buffer__

.uninit_RESERVED
                0x1ffff080        0x0
 *(.bss.$RESERVED*)
                0x1ffff080                . = ALIGN (0x4)
                0x1ffff080                _end_uninit_RESERVED = .

.data           0x1ffff080        0x8 load address 0x0000360c
 FILL mask 0xff
                0x1ffff080                _data = .
 *(vtable)
 *(.ramfunc*)
 *(.data*)
 .data.s_slowIrcFreq
                0x1ffff080        0x4 ./drivers/fsl_clock.o
 .data.SystemCoreClock
                0x1ffff084        0x4 ./CMSIS/system_MKL25Z4.o
                0x1ffff084                SystemCoreClock
                0x1ffff088                . = ALIGN (0x4)
                0x1ffff088                _edata = .

.igot.plt       0x1ffff088        0x0 load address 0x00003614
 .igot.plt      0x1ffff088        0x0 ./utilities/fsl_debug_console.o

.bss            0x1ffff088      0x100 load address 0x00003614
                0x1ffff088                _bss = .
 *(.bss*)
 .bss.s_debugConsole
                0x1ffff088       0x10 ./utilities/fsl_debug_console.o
 .bss.sys_tick_counter
                0x1ffff098        0x4 ./source/main.o
                0x1ffff098                sys_tick_counter
 .bss.rt_curOpMode
                0x1ffff09c        0x2 ./gsc_scheduler/gsc_sch_core/gsc_sch_core.o
                0x1ffff09c                rt_curOpMode
 .bss.re_sch_mngExecflag
                0x1ffff09e        0x1 ./gsc_scheduler/gsc_sch_core/gsc_sch_core_tick_isr.o
                0x1ffff09e                re_sch_mngExecflag
 *fill*         0x1ffff09f        0x1 
 .bss.g_xtal0Freq
                0x1ffff0a0        0x4 ./drivers/fsl_clock.o
                0x1ffff0a0                g_xtal0Freq
 .bss.s_lpsciHandle
                0x1ffff0a4        0x4 ./drivers/fsl_lpsci.o
 .bss.s_lpsciIsr
                0x1ffff0a8        0x4 ./drivers/fsl_lpsci.o
 .bss.s_uartHandle
                0x1ffff0ac        0xc ./drivers/fsl_uart.o
 .bss.s_uartIsr
                0x1ffff0b8        0x4 ./drivers/fsl_uart.o
 .bss.uibuncer  0x1ffff0bc        0x4 ./app/mp3_player.o
 .bss.uibouncerBuff
                0x1ffff0c0        0x4 ./app/mp3_player.o
 .bss.tog.5449  0x1ffff0c4        0x1 ./MAL/ledManager.o
 *fill*         0x1ffff0c5        0x3 
 .bss.__Ciob    0x1ffff0c8       0xb4 c:/nxp/mcuxpressoide_10.0.2_411/ide/tools/bin/../lib/gcc/arm-none-eabi/5.4.1/../../../../arm-none-eabi/lib/armv6-m\libcr_semihost_nf.a(__ciob.o)
                0x1ffff0c8                __Ciob
 .bss.__heaps   0x1ffff17c        0x4 c:/nxp/mcuxpressoide_10.0.2_411/ide/tools/bin/../lib/gcc/arm-none-eabi/5.4.1/../../../../arm-none-eabi/lib/armv6-m\libcr_c.a(__init_alloc.o)
                0x1ffff17c                __heaps
 .bss.__end_of_heap
                0x1ffff180        0x4 c:/nxp/mcuxpressoide_10.0.2_411/ide/tools/bin/../lib/gcc/arm-none-eabi/5.4.1/../../../../arm-none-eabi/lib/armv6-m\libcr_c.a(__init_alloc.o)
                0x1ffff180                __end_of_heap
 .bss.errno     0x1ffff184        0x4 c:/nxp/mcuxpressoide_10.0.2_411/ide/tools/bin/../lib/gcc/arm-none-eabi/5.4.1/../../../../arm-none-eabi/lib/armv6-m\libcr_c.a(errno.o)
                0x1ffff184                errno
 *(COMMON)
                0x1ffff188                . = ALIGN (0x4)
                0x1ffff188                _ebss = .
                [!provide]                PROVIDE (end, .)

.noinit         0x1ffff188        0x0 load address 0x00003614
                0x1ffff188                _noinit = .
 *(.noinit*)
                0x1ffff188                . = ALIGN (0x4)
                0x1ffff188                _end_noinit = .

.heap           0x1ffff188      0x400 load address 0x00003614
                0x1ffff188                _pvHeapStart = .
                0x1ffff588                . = (. + 0x400)
 *fill*         0x1ffff188      0x400 
                0x1ffff588                . = ALIGN (0x4)
                0x1ffff588                _pvHeapLimit = .

.heap2stackfill
                0x1ffff588      0x400 load address 0x00003614
                0x1ffff988                . = (. + 0x400)
 *fill*         0x1ffff588      0x400 

.stack          0x20002c00        0x0
                0x20002c00                _vStackBase = .
                0x20002c00                . = ALIGN (0x4)
                0x20003000                _vStackTop = (. + 0x400)
OUTPUT(UDG_gsc_sch.axf elf32-littlearm)

.debug_info     0x00000000     0x7ceb
 .debug_info    0x00000000      0x880 ./utilities/fsl_debug_console.o
 .debug_info    0x00000880      0x49b ./startup/startup_mkl25z4.o
 .debug_info    0x00000d1b      0x5a0 ./source/main.o
 .debug_info    0x000012bb       0x4d ./source/mtb.o
 .debug_info    0x00001308      0x112 ./gsc_scheduler/periodic_tasks/periodic_tasks_exec.o
 .debug_info    0x0000141a      0x134 ./gsc_scheduler/periodic_tasks/periodic_tasks_init.o
 .debug_info    0x0000154e      0x23c ./gsc_scheduler/gsc_sch_core/gsc_sch_core.o
 .debug_info    0x0000178a      0x16e ./gsc_scheduler/gsc_sch_core/gsc_sch_core_cfg.o
 .debug_info    0x000018f8       0xc5 ./gsc_scheduler/gsc_sch_core/gsc_sch_core_tick_isr.o
 .debug_info    0x000019bd     0x1908 ./drivers/fsl_clock.o
 .debug_info    0x000032c5      0x4f7 ./drivers/fsl_gpio.o
 .debug_info    0x000037bc     0x1358 ./drivers/fsl_lpsci.o
 .debug_info    0x00004b14     0x1302 ./drivers/fsl_uart.o
 .debug_info    0x00005e16      0x387 ./board/board.o
 .debug_info    0x0000619d      0xa02 ./board/clock_config.o
 .debug_info    0x00006b9f      0x51e ./board/pin_mux.o
 .debug_info    0x000070bd      0x277 ./app/mp3_player.o
 .debug_info    0x00007334      0x110 ./MAL/ledManager.o
 .debug_info    0x00007444      0x4e2 ./HAL/gpio_mp3.o
 .debug_info    0x00007926      0x3c5 ./CMSIS/system_MKL25Z4.o

.debug_abbrev   0x00000000     0x19a4
 .debug_abbrev  0x00000000      0x1b8 ./utilities/fsl_debug_console.o
 .debug_abbrev  0x000001b8      0x12e ./startup/startup_mkl25z4.o
 .debug_abbrev  0x000002e6      0x18a ./source/main.o
 .debug_abbrev  0x00000470       0x3e ./source/mtb.o
 .debug_abbrev  0x000004ae       0x78 ./gsc_scheduler/periodic_tasks/periodic_tasks_exec.o
 .debug_abbrev  0x00000526       0x78 ./gsc_scheduler/periodic_tasks/periodic_tasks_init.o
 .debug_abbrev  0x0000059e       0xe6 ./gsc_scheduler/gsc_sch_core/gsc_sch_core.o
 .debug_abbrev  0x00000684       0xa1 ./gsc_scheduler/gsc_sch_core/gsc_sch_core_cfg.o
 .debug_abbrev  0x00000725       0x7f ./gsc_scheduler/gsc_sch_core/gsc_sch_core_tick_isr.o
 .debug_abbrev  0x000007a4      0x2ff ./drivers/fsl_clock.o
 .debug_abbrev  0x00000aa3      0x176 ./drivers/fsl_gpio.o
 .debug_abbrev  0x00000c19      0x293 ./drivers/fsl_lpsci.o
 .debug_abbrev  0x00000eac      0x2ab ./drivers/fsl_uart.o
 .debug_abbrev  0x00001157      0x115 ./board/board.o
 .debug_abbrev  0x0000126c      0x1d8 ./board/clock_config.o
 .debug_abbrev  0x00001444      0x15f ./board/pin_mux.o
 .debug_abbrev  0x000015a3       0x9f ./app/mp3_player.o
 .debug_abbrev  0x00001642       0xbc ./MAL/ledManager.o
 .debug_abbrev  0x000016fe      0x1a0 ./HAL/gpio_mp3.o
 .debug_abbrev  0x0000189e      0x106 ./CMSIS/system_MKL25Z4.o

.debug_aranges  0x00000000      0x940
 .debug_aranges
                0x00000000       0x58 ./utilities/fsl_debug_console.o
 .debug_aranges
                0x00000058      0x160 ./startup/startup_mkl25z4.o
 .debug_aranges
                0x000001b8       0x38 ./source/main.o
 .debug_aranges
                0x000001f0       0x18 ./source/mtb.o
 .debug_aranges
                0x00000208       0x50 ./gsc_scheduler/periodic_tasks/periodic_tasks_exec.o
 .debug_aranges
                0x00000258       0x60 ./gsc_scheduler/periodic_tasks/periodic_tasks_init.o
 .debug_aranges
                0x000002b8       0x28 ./gsc_scheduler/gsc_sch_core/gsc_sch_core.o
 .debug_aranges
                0x000002e0       0x18 ./gsc_scheduler/gsc_sch_core/gsc_sch_core_cfg.o
 .debug_aranges
                0x000002f8       0x20 ./gsc_scheduler/gsc_sch_core/gsc_sch_core_tick_isr.o
 .debug_aranges
                0x00000318      0x1d8 ./drivers/fsl_clock.o
 .debug_aranges
                0x000004f0       0x40 ./drivers/fsl_gpio.o
 .debug_aranges
                0x00000530      0x118 ./drivers/fsl_lpsci.o
 .debug_aranges
                0x00000648      0x130 ./drivers/fsl_uart.o
 .debug_aranges
                0x00000778       0x28 ./board/board.o
 .debug_aranges
                0x000007a0       0x50 ./board/clock_config.o
 .debug_aranges
                0x000007f0       0x30 ./board/pin_mux.o
 .debug_aranges
                0x00000820       0x40 ./app/mp3_player.o
 .debug_aranges
                0x00000860       0x38 ./MAL/ledManager.o
 .debug_aranges
                0x00000898       0x80 ./HAL/gpio_mp3.o
 .debug_aranges
                0x00000918       0x28 ./CMSIS/system_MKL25Z4.o

.debug_ranges   0x00000000      0x7f0
 .debug_ranges  0x00000000       0x48 ./utilities/fsl_debug_console.o
 .debug_ranges  0x00000048      0x150 ./startup/startup_mkl25z4.o
 .debug_ranges  0x00000198       0x28 ./source/main.o
 .debug_ranges  0x000001c0       0x40 ./gsc_scheduler/periodic_tasks/periodic_tasks_exec.o
 .debug_ranges  0x00000200       0x50 ./gsc_scheduler/periodic_tasks/periodic_tasks_init.o
 .debug_ranges  0x00000250       0x18 ./gsc_scheduler/gsc_sch_core/gsc_sch_core.o
 .debug_ranges  0x00000268       0x10 ./gsc_scheduler/gsc_sch_core/gsc_sch_core_tick_isr.o
 .debug_ranges  0x00000278      0x1c8 ./drivers/fsl_clock.o
 .debug_ranges  0x00000440       0x30 ./drivers/fsl_gpio.o
 .debug_ranges  0x00000470      0x108 ./drivers/fsl_lpsci.o
 .debug_ranges  0x00000578      0x120 ./drivers/fsl_uart.o
 .debug_ranges  0x00000698       0x18 ./board/board.o
 .debug_ranges  0x000006b0       0x40 ./board/clock_config.o
 .debug_ranges  0x000006f0       0x20 ./board/pin_mux.o
 .debug_ranges  0x00000710       0x30 ./app/mp3_player.o
 .debug_ranges  0x00000740       0x28 ./MAL/ledManager.o
 .debug_ranges  0x00000768       0x70 ./HAL/gpio_mp3.o
 .debug_ranges  0x000007d8       0x18 ./CMSIS/system_MKL25Z4.o

.debug_line     0x00000000     0x3028
 .debug_line    0x00000000      0x2e1 ./utilities/fsl_debug_console.o
 .debug_line    0x000002e1      0x129 ./startup/startup_mkl25z4.o
 .debug_line    0x0000040a      0x1f2 ./source/main.o
 .debug_line    0x000005fc       0x30 ./source/mtb.o
 .debug_line    0x0000062c      0x190 ./gsc_scheduler/periodic_tasks/periodic_tasks_exec.o
 .debug_line    0x000007bc      0x1b2 ./gsc_scheduler/periodic_tasks/periodic_tasks_init.o
 .debug_line    0x0000096e      0x16e ./gsc_scheduler/gsc_sch_core/gsc_sch_core.o
 .debug_line    0x00000adc       0xf8 ./gsc_scheduler/gsc_sch_core/gsc_sch_core_cfg.o
 .debug_line    0x00000bd4       0x7a ./gsc_scheduler/gsc_sch_core/gsc_sch_core_tick_isr.o
 .debug_line    0x00000c4e      0x8bd ./drivers/fsl_clock.o
 .debug_line    0x0000150b      0x1ae ./drivers/fsl_gpio.o
 .debug_line    0x000016b9      0x6c4 ./drivers/fsl_lpsci.o
 .debug_line    0x00001d7d      0x6c7 ./drivers/fsl_uart.o
 .debug_line    0x00002444      0x197 ./board/board.o
 .debug_line    0x000025db      0x231 ./board/clock_config.o
 .debug_line    0x0000280c      0x1c3 ./board/pin_mux.o
 .debug_line    0x000029cf      0x179 ./app/mp3_player.o
 .debug_line    0x00002b48      0x15e ./MAL/ledManager.o
 .debug_line    0x00002ca6      0x295 ./HAL/gpio_mp3.o
 .debug_line    0x00002f3b       0xed ./CMSIS/system_MKL25Z4.o

.debug_str      0x00000000     0x3ee5
 .debug_str     0x00000000      0xa38 ./utilities/fsl_debug_console.o
                                0xab5 (size before relaxing)
 .debug_str     0x00000a38      0x380 ./startup/startup_mkl25z4.o
                                0x4d1 (size before relaxing)
 .debug_str     0x00000db8      0x2c2 ./source/main.o
                                0x943 (size before relaxing)
 .debug_str     0x0000107a       0x1f ./source/mtb.o
                                0x162 (size before relaxing)
 .debug_str     0x00001099       0xed ./gsc_scheduler/periodic_tasks/periodic_tasks_exec.o
                                0x2d8 (size before relaxing)
 .debug_str     0x00001186      0x148 ./gsc_scheduler/periodic_tasks/periodic_tasks_init.o
                                0x333 (size before relaxing)
 .debug_str     0x000012ce      0x1f4 ./gsc_scheduler/gsc_sch_core/gsc_sch_core.o
                                0x3bd (size before relaxing)
 .debug_str     0x000014c2       0x31 ./gsc_scheduler/gsc_sch_core/gsc_sch_core_cfg.o
                                0x318 (size before relaxing)
 .debug_str     0x000014f3       0x36 ./gsc_scheduler/gsc_sch_core/gsc_sch_core_tick_isr.o
                                0x247 (size before relaxing)
 .debug_str     0x00001529     0x1088 ./drivers/fsl_clock.o
                               0x17ca (size before relaxing)
 .debug_str     0x000025b1      0x180 ./drivers/fsl_gpio.o
                                0x7f1 (size before relaxing)
 .debug_str     0x00002731      0x976 ./drivers/fsl_lpsci.o
                               0x1592 (size before relaxing)
 .debug_str     0x000030a7      0x819 ./drivers/fsl_uart.o
                               0x159e (size before relaxing)
 .debug_str     0x000038c0       0x4c ./board/board.o
                                0x320 (size before relaxing)
 .debug_str     0x0000390c      0x2e3 ./board/clock_config.o
                                0xdac (size before relaxing)
 .debug_str     0x00003bef      0x13a ./board/pin_mux.o
                                0x5a7 (size before relaxing)
 .debug_str     0x00003d29       0x67 ./app/mp3_player.o
                                0x6c6 (size before relaxing)
 .debug_str     0x00003d90       0x61 ./MAL/ledManager.o
                                0x24c (size before relaxing)
 .debug_str     0x00003df1       0xa5 ./HAL/gpio_mp3.o
                                0x5e5 (size before relaxing)
 .debug_str     0x00003e96       0x4f ./CMSIS/system_MKL25Z4.o
                                0x31b (size before relaxing)

.comment        0x00000000       0x6e
 .comment       0x00000000       0x6e ./utilities/fsl_debug_console.o
                                 0x6f (size before relaxing)
 .comment       0x0000006e       0x6f ./startup/startup_mkl25z4.o
 .comment       0x0000006e       0x6f ./source/main.o
 .comment       0x0000006e       0x6f ./source/mtb.o
 .comment       0x0000006e       0x6f ./gsc_scheduler/periodic_tasks/periodic_tasks_exec.o
 .comment       0x0000006e       0x6f ./gsc_scheduler/periodic_tasks/periodic_tasks_init.o
 .comment       0x0000006e       0x6f ./gsc_scheduler/gsc_sch_core/gsc_sch_core.o
 .comment       0x0000006e       0x6f ./gsc_scheduler/gsc_sch_core/gsc_sch_core_cfg.o
 .comment       0x0000006e       0x6f ./gsc_scheduler/gsc_sch_core/gsc_sch_core_tick_isr.o
 .comment       0x0000006e       0x6f ./drivers/fsl_clock.o
 .comment       0x0000006e       0x6f ./drivers/fsl_gpio.o
 .comment       0x0000006e       0x6f ./drivers/fsl_lpsci.o
 .comment       0x0000006e       0x6f ./drivers/fsl_uart.o
 .comment       0x0000006e       0x6f ./board/board.o
 .comment       0x0000006e       0x6f ./board/clock_config.o
 .comment       0x0000006e       0x6f ./board/pin_mux.o
 .comment       0x0000006e       0x6f ./app/mp3_player.o
 .comment       0x0000006e       0x6f ./MAL/ledManager.o
 .comment       0x0000006e       0x6f ./HAL/gpio_mp3.o
 .comment       0x0000006e       0x6f ./CMSIS/system_MKL25Z4.o
 .comment       0x0000006e       0x6f c:/nxp/mcuxpressoide_10.0.2_411/ide/tools/bin/../lib/gcc/arm-none-eabi/5.4.1/../../../../arm-none-eabi/lib/armv6-m\libcr_semihost_nf.a(_cr__main.o)
 .comment       0x0000006e       0x6f c:/nxp/mcuxpressoide_10.0.2_411/ide/tools/bin/../lib/gcc/arm-none-eabi/5.4.1/../../../../arm-none-eabi/lib/armv6-m\libcr_semihost_nf.a(_cr_assert.o)
 .comment       0x0000006e       0x6f c:/nxp/mcuxpressoide_10.0.2_411/ide/tools/bin/../lib/gcc/arm-none-eabi/5.4.1/../../../../arm-none-eabi/lib/armv6-m\libcr_semihost_nf.a(__ciob.o)
 .comment       0x0000006e       0x6f c:/nxp/mcuxpressoide_10.0.2_411/ide/tools/bin/../lib/gcc/arm-none-eabi/5.4.1/../../../../arm-none-eabi/lib/armv6-m\libcr_c.a(memset.o)
 .comment       0x0000006e       0x6f c:/nxp/mcuxpressoide_10.0.2_411/ide/tools/bin/../lib/gcc/arm-none-eabi/5.4.1/../../../../arm-none-eabi/lib/armv6-m\libcr_c.a(_deferredlazyseek.o)
 .comment       0x0000006e       0x6f c:/nxp/mcuxpressoide_10.0.2_411/ide/tools/bin/../lib/gcc/arm-none-eabi/5.4.1/../../../../arm-none-eabi/lib/armv6-m\libcr_c.a(_fflush.o)
 .comment       0x0000006e       0x6f c:/nxp/mcuxpressoide_10.0.2_411/ide/tools/bin/../lib/gcc/arm-none-eabi/5.4.1/../../../../arm-none-eabi/lib/armv6-m\libcr_c.a(_writebuf.o)
 .comment       0x0000006e       0x6f c:/nxp/mcuxpressoide_10.0.2_411/ide/tools/bin/../lib/gcc/arm-none-eabi/5.4.1/../../../../arm-none-eabi/lib/armv6-m\libcr_c.a(alloc.o)
 .comment       0x0000006e       0x6f c:/nxp/mcuxpressoide_10.0.2_411/ide/tools/bin/../lib/gcc/arm-none-eabi/5.4.1/../../../../arm-none-eabi/lib/armv6-m\libcr_c.a(fputs.o)
 .comment       0x0000006e       0x6f c:/nxp/mcuxpressoide_10.0.2_411/ide/tools/bin/../lib/gcc/arm-none-eabi/5.4.1/../../../../arm-none-eabi/lib/armv6-m\libcr_c.a(fseek.o)
 .comment       0x0000006e       0x6f c:/nxp/mcuxpressoide_10.0.2_411/ide/tools/bin/../lib/gcc/arm-none-eabi/5.4.1/../../../../arm-none-eabi/lib/armv6-m\libcr_c.a(ftell.o)
 .comment       0x0000006e       0x6f c:/nxp/mcuxpressoide_10.0.2_411/ide/tools/bin/../lib/gcc/arm-none-eabi/5.4.1/../../../../arm-none-eabi/lib/armv6-m\libcr_c.a(initio.o)
 .comment       0x0000006e       0x6f c:/nxp/mcuxpressoide_10.0.2_411/ide/tools/bin/../lib/gcc/arm-none-eabi/5.4.1/../../../../arm-none-eabi/lib/armv6-m\libcr_c.a(setvbuf.o)
 .comment       0x0000006e       0x6f c:/nxp/mcuxpressoide_10.0.2_411/ide/tools/bin/../lib/gcc/arm-none-eabi/5.4.1/../../../../arm-none-eabi/lib/armv6-m\libcr_c.a(__init_alloc.o)
 .comment       0x0000006e       0x6f c:/nxp/mcuxpressoide_10.0.2_411/ide/tools/bin/../lib/gcc/arm-none-eabi/5.4.1/../../../../arm-none-eabi/lib/armv6-m\libcr_c.a(_cr_sbrk.o)
 .comment       0x0000006e       0x6f c:/nxp/mcuxpressoide_10.0.2_411/ide/tools/bin/../lib/gcc/arm-none-eabi/5.4.1/../../../../arm-none-eabi/lib/armv6-m\libcr_c.a(_fdopen.o)
 .comment       0x0000006e       0x6f c:/nxp/mcuxpressoide_10.0.2_411/ide/tools/bin/../lib/gcc/arm-none-eabi/5.4.1/../../../../arm-none-eabi/lib/armv6-m\libcr_c.a(errno.o)
 .comment       0x0000006e       0x6f c:/nxp/mcuxpressoide_10.0.2_411/ide/tools/bin/../lib/gcc/arm-none-eabi/5.4.1/../../../../arm-none-eabi/lib/armv6-m\libcr_c.a(fclose.o)
 .comment       0x0000006e       0x6f c:/nxp/mcuxpressoide_10.0.2_411/ide/tools/bin/../lib/gcc/arm-none-eabi/5.4.1/../../../../arm-none-eabi/lib/armv6-m\libcr_c.a(fflush.o)
 .comment       0x0000006e       0x6f c:/nxp/mcuxpressoide_10.0.2_411/ide/tools/bin/../lib/gcc/arm-none-eabi/5.4.1/../../../../arm-none-eabi/lib/armv6-m\libcr_c.a(remove.o)
 .comment       0x0000006e       0x6f c:/nxp/mcuxpressoide_10.0.2_411/ide/tools/bin/../lib/gcc/arm-none-eabi/5.4.1/../../../../arm-none-eabi/lib/armv6-m\libcr_c.a(strlen.o)
 .comment       0x0000006e       0x6f c:/nxp/mcuxpressoide_10.0.2_411/ide/tools/bin/../lib/gcc/arm-none-eabi/5.4.1/../../../../arm-none-eabi/lib/armv6-m\libcr_c.a(_cr_check_heap.o)
 .comment       0x0000006e       0x6f c:/nxp/mcuxpressoide_10.0.2_411/ide/tools/bin/../lib/gcc/arm-none-eabi/5.4.1/../../../../arm-none-eabi/lib/armv6-m\libcr_c.a(_do_fflush.o)

.ARM.attributes
                0x00000000       0x30
 .ARM.attributes
                0x00000000       0x32 ./utilities/fsl_debug_console.o
 .ARM.attributes
                0x00000032       0x32 ./startup/startup_mkl25z4.o
 .ARM.attributes
                0x00000064       0x32 ./source/main.o
 .ARM.attributes
                0x00000096       0x32 ./source/mtb.o
 .ARM.attributes
                0x000000c8       0x32 ./gsc_scheduler/periodic_tasks/periodic_tasks_exec.o
 .ARM.attributes
                0x000000fa       0x32 ./gsc_scheduler/periodic_tasks/periodic_tasks_init.o
 .ARM.attributes
                0x0000012c       0x32 ./gsc_scheduler/gsc_sch_core/gsc_sch_core.o
 .ARM.attributes
                0x0000015e       0x32 ./gsc_scheduler/gsc_sch_core/gsc_sch_core_cfg.o
 .ARM.attributes
                0x00000190       0x32 ./gsc_scheduler/gsc_sch_core/gsc_sch_core_tick_isr.o
 .ARM.attributes
                0x000001c2       0x32 ./drivers/fsl_clock.o
 .ARM.attributes
                0x000001f4       0x32 ./drivers/fsl_gpio.o
 .ARM.attributes
                0x00000226       0x32 ./drivers/fsl_lpsci.o
 .ARM.attributes
                0x00000258       0x32 ./drivers/fsl_uart.o
 .ARM.attributes
                0x0000028a       0x32 ./board/board.o
 .ARM.attributes
                0x000002bc       0x32 ./board/clock_config.o
 .ARM.attributes
                0x000002ee       0x32 ./board/pin_mux.o
 .ARM.attributes
                0x00000320       0x32 ./app/mp3_player.o
 .ARM.attributes
                0x00000352       0x32 ./MAL/ledManager.o
 .ARM.attributes
                0x00000384       0x32 ./HAL/gpio_mp3.o
 .ARM.attributes
                0x000003b6       0x32 ./CMSIS/system_MKL25Z4.o
 .ARM.attributes
                0x000003e8       0x31 c:/nxp/mcuxpressoide_10.0.2_411/ide/tools/bin/../lib/gcc/arm-none-eabi/5.4.1/../../../../arm-none-eabi/lib/armv6-m\libcr_semihost_nf.a(_cr__main.o)
 .ARM.attributes
                0x00000419       0x31 c:/nxp/mcuxpressoide_10.0.2_411/ide/tools/bin/../lib/gcc/arm-none-eabi/5.4.1/../../../../arm-none-eabi/lib/armv6-m\libcr_semihost_nf.a(_cr_assert.o)
 .ARM.attributes
                0x0000044a       0x31 c:/nxp/mcuxpressoide_10.0.2_411/ide/tools/bin/../lib/gcc/arm-none-eabi/5.4.1/../../../../arm-none-eabi/lib/armv6-m\libcr_semihost_nf.a(__ciob.o)
 .ARM.attributes
                0x0000047b       0x21 c:/nxp/mcuxpressoide_10.0.2_411/ide/tools/bin/../lib/gcc/arm-none-eabi/5.4.1/../../../../arm-none-eabi/lib/armv6-m\libcr_semihost_nf.a(__sys_appexit.o)
 .ARM.attributes
                0x0000049c       0x31 c:/nxp/mcuxpressoide_10.0.2_411/ide/tools/bin/../lib/gcc/arm-none-eabi/5.4.1/../../../../arm-none-eabi/lib/armv6-m\libcr_c.a(memset.o)
 .ARM.attributes
                0x000004cd       0x31 c:/nxp/mcuxpressoide_10.0.2_411/ide/tools/bin/../lib/gcc/arm-none-eabi/5.4.1/../../../../arm-none-eabi/lib/armv6-m\libcr_c.a(_deferredlazyseek.o)
 .ARM.attributes
                0x000004fe       0x31 c:/nxp/mcuxpressoide_10.0.2_411/ide/tools/bin/../lib/gcc/arm-none-eabi/5.4.1/../../../../arm-none-eabi/lib/armv6-m\libcr_c.a(_fflush.o)
 .ARM.attributes
                0x0000052f       0x31 c:/nxp/mcuxpressoide_10.0.2_411/ide/tools/bin/../lib/gcc/arm-none-eabi/5.4.1/../../../../arm-none-eabi/lib/armv6-m\libcr_c.a(_writebuf.o)
 .ARM.attributes
                0x00000560       0x31 c:/nxp/mcuxpressoide_10.0.2_411/ide/tools/bin/../lib/gcc/arm-none-eabi/5.4.1/../../../../arm-none-eabi/lib/armv6-m\libcr_c.a(alloc.o)
 .ARM.attributes
                0x00000591       0x31 c:/nxp/mcuxpressoide_10.0.2_411/ide/tools/bin/../lib/gcc/arm-none-eabi/5.4.1/../../../../arm-none-eabi/lib/armv6-m\libcr_c.a(fputs.o)
 .ARM.attributes
                0x000005c2       0x31 c:/nxp/mcuxpressoide_10.0.2_411/ide/tools/bin/../lib/gcc/arm-none-eabi/5.4.1/../../../../arm-none-eabi/lib/armv6-m\libcr_c.a(fseek.o)
 .ARM.attributes
                0x000005f3       0x31 c:/nxp/mcuxpressoide_10.0.2_411/ide/tools/bin/../lib/gcc/arm-none-eabi/5.4.1/../../../../arm-none-eabi/lib/armv6-m\libcr_c.a(ftell.o)
 .ARM.attributes
                0x00000624       0x31 c:/nxp/mcuxpressoide_10.0.2_411/ide/tools/bin/../lib/gcc/arm-none-eabi/5.4.1/../../../../arm-none-eabi/lib/armv6-m\libcr_c.a(initio.o)
 .ARM.attributes
                0x00000655       0x31 c:/nxp/mcuxpressoide_10.0.2_411/ide/tools/bin/../lib/gcc/arm-none-eabi/5.4.1/../../../../arm-none-eabi/lib/armv6-m\libcr_c.a(setvbuf.o)
 .ARM.attributes
                0x00000686       0x31 c:/nxp/mcuxpressoide_10.0.2_411/ide/tools/bin/../lib/gcc/arm-none-eabi/5.4.1/../../../../arm-none-eabi/lib/armv6-m\libcr_c.a(__init_alloc.o)
 .ARM.attributes
                0x000006b7       0x31 c:/nxp/mcuxpressoide_10.0.2_411/ide/tools/bin/../lib/gcc/arm-none-eabi/5.4.1/../../../../arm-none-eabi/lib/armv6-m\libcr_c.a(_cr_sbrk.o)
 .ARM.attributes
                0x000006e8       0x31 c:/nxp/mcuxpressoide_10.0.2_411/ide/tools/bin/../lib/gcc/arm-none-eabi/5.4.1/../../../../arm-none-eabi/lib/armv6-m\libcr_c.a(_fdopen.o)
 .ARM.attributes
                0x00000719       0x31 c:/nxp/mcuxpressoide_10.0.2_411/ide/tools/bin/../lib/gcc/arm-none-eabi/5.4.1/../../../../arm-none-eabi/lib/armv6-m\libcr_c.a(errno.o)
 .ARM.attributes
                0x0000074a       0x31 c:/nxp/mcuxpressoide_10.0.2_411/ide/tools/bin/../lib/gcc/arm-none-eabi/5.4.1/../../../../arm-none-eabi/lib/armv6-m\libcr_c.a(fclose.o)
 .ARM.attributes
                0x0000077b       0x31 c:/nxp/mcuxpressoide_10.0.2_411/ide/tools/bin/../lib/gcc/arm-none-eabi/5.4.1/../../../../arm-none-eabi/lib/armv6-m\libcr_c.a(fflush.o)
 .ARM.attributes
                0x000007ac       0x31 c:/nxp/mcuxpressoide_10.0.2_411/ide/tools/bin/../lib/gcc/arm-none-eabi/5.4.1/../../../../arm-none-eabi/lib/armv6-m\libcr_c.a(remove.o)
 .ARM.attributes
                0x000007dd       0x31 c:/nxp/mcuxpressoide_10.0.2_411/ide/tools/bin/../lib/gcc/arm-none-eabi/5.4.1/../../../../arm-none-eabi/lib/armv6-m\libcr_c.a(strlen.o)
 .ARM.attributes
                0x0000080e       0x31 c:/nxp/mcuxpressoide_10.0.2_411/ide/tools/bin/../lib/gcc/arm-none-eabi/5.4.1/../../../../arm-none-eabi/lib/armv6-m\libcr_c.a(_cr_check_heap.o)
 .ARM.attributes
                0x0000083f       0x31 c:/nxp/mcuxpressoide_10.0.2_411/ide/tools/bin/../lib/gcc/arm-none-eabi/5.4.1/../../../../arm-none-eabi/lib/armv6-m\libcr_c.a(_do_fflush.o)
 .ARM.attributes
                0x00000870       0x21 c:/nxp/mcuxpressoide_10.0.2_411/ide/tools/bin/../lib/gcc/arm-none-eabi/5.4.1/armv6-m\libcr_eabihelpers.a(division_32.o)
 .ARM.attributes
                0x00000891       0x21 c:/nxp/mcuxpressoide_10.0.2_411/ide/tools/bin/../lib/gcc/arm-none-eabi/5.4.1/armv6-m\libcr_eabihelpers.a(division_idiv0.o)
 .ARM.attributes
                0x000008b2       0x21 c:/nxp/mcuxpressoide_10.0.2_411/ide/tools/bin/../lib/gcc/arm-none-eabi/5.4.1/armv6-m\libcr_eabihelpers.a(memcpy.o)
 .ARM.attributes
                0x000008d3       0x21 c:/nxp/mcuxpressoide_10.0.2_411/ide/tools/bin/../lib/gcc/arm-none-eabi/5.4.1/../../../../arm-none-eabi/lib/armv6-m\libcr_semihost_nf.a(__sys_close.o)
 .ARM.attributes
                0x000008f4       0x21 c:/nxp/mcuxpressoide_10.0.2_411/ide/tools/bin/../lib/gcc/arm-none-eabi/5.4.1/../../../../arm-none-eabi/lib/armv6-m\libcr_semihost_nf.a(__sys_flen.o)
 .ARM.attributes
                0x00000915       0x21 c:/nxp/mcuxpressoide_10.0.2_411/ide/tools/bin/../lib/gcc/arm-none-eabi/5.4.1/../../../../arm-none-eabi/lib/armv6-m\libcr_semihost_nf.a(__sys_istty.o)
 .ARM.attributes
                0x00000936       0x21 c:/nxp/mcuxpressoide_10.0.2_411/ide/tools/bin/../lib/gcc/arm-none-eabi/5.4.1/../../../../arm-none-eabi/lib/armv6-m\libcr_semihost_nf.a(__sys_remove.o)
 .ARM.attributes
                0x00000957       0x21 c:/nxp/mcuxpressoide_10.0.2_411/ide/tools/bin/../lib/gcc/arm-none-eabi/5.4.1/../../../../arm-none-eabi/lib/armv6-m\libcr_semihost_nf.a(__sys_seek.o)
 .ARM.attributes
                0x00000978       0x21 c:/nxp/mcuxpressoide_10.0.2_411/ide/tools/bin/../lib/gcc/arm-none-eabi/5.4.1/../../../../arm-none-eabi/lib/armv6-m\libcr_semihost_nf.a(__sys_tmpnam.o)

.debug_frame    0x00000000     0x1c3c
 .debug_frame   0x00000000      0x10c ./utilities/fsl_debug_console.o
 .debug_frame   0x0000010c      0x3b0 ./startup/startup_mkl25z4.o
 .debug_frame   0x000004bc       0x8c ./source/main.o
 .debug_frame   0x00000548       0xd4 ./gsc_scheduler/periodic_tasks/periodic_tasks_exec.o
 .debug_frame   0x0000061c      0x10c ./gsc_scheduler/periodic_tasks/periodic_tasks_init.o
 .debug_frame   0x00000728       0x50 ./gsc_scheduler/gsc_sch_core/gsc_sch_core.o
 .debug_frame   0x00000778       0x2c ./gsc_scheduler/gsc_sch_core/gsc_sch_core_tick_isr.o
 .debug_frame   0x000007a4      0x6dc ./drivers/fsl_clock.o
 .debug_frame   0x00000e80       0xb0 ./drivers/fsl_gpio.o
 .debug_frame   0x00000f30      0x410 ./drivers/fsl_lpsci.o
 .debug_frame   0x00001340      0x464 ./drivers/fsl_uart.o
 .debug_frame   0x000017a4       0x50 ./board/board.o
 .debug_frame   0x000017f4       0xe4 ./board/clock_config.o
 .debug_frame   0x000018d8       0x6c ./board/pin_mux.o
 .debug_frame   0x00001944       0x9c ./app/mp3_player.o
 .debug_frame   0x000019e0       0x80 ./MAL/ledManager.o
 .debug_frame   0x00001a60      0x190 ./HAL/gpio_mp3.o
 .debug_frame   0x00001bf0       0x4c ./CMSIS/system_MKL25Z4.o
